#This file is automatically generated by https://freetv.fun and is mainly used to test the accuracy of our EPG.
#The following test channels are from public sharing on the Internet.
#freetv.fun does not provide or store any streaming media content.All channels are automatically collected from the network through crawlers,without any manual participation, just for testing purposes. Therefore, we do not guarantee the stability and legality of the channels, nor do we assume corresponding legal responsibilities. All legal responsibilities It should be the responsibility of the user and the source provider.
#If you don't know how to use it,or don't have time to test it, you can download this recommended app for testing.
#https://freetv.fun/app
#Generated on: 2026-06-21 22:00:02 UTC


#這個檔案是由https://freetv.fun自動生成的,僅僅只是用於測試epg的準確性.
#以下的測試頻道均為網路上的公開分享頻道.
#freetv.fun並不提供也不儲存任何的流媒體內容.所有的頻道都是由自動化系統通過網路自動收集而來,並沒有任何人工參與,僅僅只是為了測試.因此我們並不保證頻道的穩定性與合法性,我們也不承擔任何相關的法律責任.所有的法律責任與相關後果應由頻道的使用者與提供者自行承擔.
#如果您不知道如何使用這個檔案,或者並沒有時間進行測試,那麼您可以下載我們推薦的APP來進行測試.
[HD]cctv3综艺,https://t.freetv.fun/live/cctv3zong-yi.m3u8
[HD]cctv3综艺,https://t.freetv.fun/live/cctv3zong-yi-2.m3u8
[SD]吉林综艺文化,https://t.freetv.fun/live/ji-lin-zong-yi-wen-hua-1.m3u8
[SD]吉林综艺文化,https://t.freetv.fun/live/ji-lin-zong-yi-wen-hua-1-1.m3u8
[SD]吉林综艺文化,https://t.freetv.fun/live/ji-lin-zong-yi-wen-hua-2.m3u8
[VGA]哈尔滨娱乐,https://t.freetv.fun/live/ha-er-bin-yu-le-1.m3u8
[BD]安徽综艺体育,https://t.freetv.fun/live/an-hui-zong-yi-ti-yu.m3u8
[VGA]安徽综艺体育,https://t.freetv.fun/live/an-hui-zong-yi-ti-yu-1.m3u8
[BD]广西综艺旅游,https://t.freetv.fun/live/yan-xi-zong-yi-lu-you.m3u8
[BD]广西综艺旅游,https://t.freetv.fun/live/yan-xi-zong-yi-lu-you-1.m3u8
[BD]广西综艺旅游,https://t.freetv.fun/live/yan-xi-zong-yi-lu-you-2.m3u8
[BD]广西综艺旅游,https://t.freetv.fun/live/yan-xi-zong-yi-lu-you-3.m3u8
[VGA]江苏综艺,https://t.freetv.fun/live/jiang-su-zong-yi.m3u8
[VGA]湖南娱乐,https://t.freetv.fun/live/hu-nan-yu-le.m3u8
[BD]湖南娱乐,https://t.freetv.fun/live/hu-nan-yu-le-1.m3u8
[BD]湖南娱乐,https://t.freetv.fun/live/hu-nan-yu-le-2.m3u8
[BD]湖南娱乐,https://t.freetv.fun/live/hu-nan-yu-le-3.m3u8
[BD]cctv-8k超高清,https://t.freetv.fun/live/cctv-8kchao-gao-qing.m3u8
[HD]cctv-8k超高清,https://t.freetv.fun/live/cctv-8kchao-gao-qing-2.m3u8
[HD]cctv-8k超高清,https://t.freetv.fun/live/cctv-8kchao-gao-qing-4.m3u8
[BD]cctv-4k高清,https://t.freetv.fun/live/cctv-4kgao-qing-5.m3u8
[BD]cctv-4k高清,https://t.freetv.fun/live/cctv-4kgao-qing-6.m3u8
[BD]cctv-4k高清,https://t.freetv.fun/live/cctv-4kgao-qing-7.m3u8
[BD]cctv-4中文国际,https://t.freetv.fun/live/cctv-4zhong-wen-guo-ji.m3u8
[SD]cctv-4中文国际,https://t.freetv.fun/live/cctv-4zhong-wen-guo-ji-1.m3u8
[BD]cctv-4中文国际,https://t.freetv.fun/live/cctv-4zhong-wen-guo-ji-2.m3u8
[SD]cctv-4中文国际,https://t.freetv.fun/live/cctv-4zhong-wen-guo-ji-3.m3u8
[HD]cctv-4中文国际,https://t.freetv.fun/live/cctv-4zhong-wen-guo-ji-4.m3u8
[BD]cctv-4中文国际,https://t.freetv.fun/live/cctv-4zhong-wen-guo-ji-5.php
[HD]cctv-4中文国际,https://t.freetv.fun/live/cctv-4zhong-wen-guo-ji-6.m3u8
[BD]cctv-4中文国际,https://t.freetv.fun/live/cctv-4zhong-wen-guo-ji-7.m3u8
[BD]cctv-4中文国际,https://t.freetv.fun/live/cctv-4zhong-wen-guo-ji-8.m3u8
[HD]cctv-4中文国际,https://t.freetv.fun/live/cctv-4zhong-wen-guo-ji-9.m3u8
[SD]cctv-4中文国际,https://t.freetv.fun/live/cctv-4zhong-wen-guo-ji-10.m3u8
[HD]cctv-4中文国际,https://t.freetv.fun/live/cctv-4zhong-wen-guo-ji-11.m3u8
[HD]cctv4中文国际,https://t.freetv.fun/live/cctv4zhong-wen-guo-ji.m3u8
[HD]cctv4中文国际,https://t.freetv.fun/live/cctv4zhong-wen-guo-ji-2.m3u8
[HD]cctv-4 中文国际,https://t.freetv.fun/live/cctv-4-zhong-wen-guo-ji-1.m3u8
[BD]cctv-4 中文国际,https://t.freetv.fun/live/cctv-4-zhong-wen-guo-ji-6.m3u8
[BD]cctv-4 中文国际,https://t.freetv.fun/live/cctv-4-zhong-wen-guo-ji-7.m3u8
[BD]cgtn-español,https://t.freetv.fun/live/cgtn-espanol.m3u8
[BD]cgtn français,https://t.freetv.fun/live/cgtn-francais.m3u8
[VGA]cgtn français,https://t.freetv.fun/live/cgtn-francais-2.m3u8
[BD]cgtn русский,https://t.freetv.fun/live/cgtn-russkii.m3u8
[BD]cgtn русский,https://t.freetv.fun/live/cgtn-russkii-1.m3u8
[SD]上海都市,https://t.freetv.fun/live/shang-hai-du-shi.m3u8
[BD]上海都市,https://t.freetv.fun/live/shang-hai-du-shi-1.m3u8
[HD]上海都市,https://t.freetv.fun/live/shang-hai-du-shi-2.m3u8
[HD]上海都市,https://t.freetv.fun/live/shang-hai-du-shi-3.m3u8
[SD]上海都市,https://t.freetv.fun/live/shang-hai-du-shi-4.m3u8
[BD]上虞新商都,https://t.freetv.fun/live/shang-yu-xin-shang-du.m3u8
[BD]上虞新商都,https://t.freetv.fun/live/shang-yu-xin-shang-du-1.m3u8
[VGA]上虞新商都,https://t.freetv.fun/live/shang-yu-xin-shang-du-2.m3u8
[HD]内江科教生活,https://t.freetv.fun/live/nei-jiang-ke-jiao-sheng-huo.m3u8
[VGA]内江综合,https://t.freetv.fun/live/nei-jiang-zong-he-1.m3u8
[BD]内江资中综合,https://t.freetv.fun/live/nei-jiang-zi-zhong-zong-he.m3u8
[HD]内江新闻,rtmp://njzb.scnj.tv:1938/live/xwzh_xwzh800
[BD]内蒙古卫视,https://t.freetv.fun/live/nei-meng-gu-wei-shi-2.m3u8
[BD]内蒙古卫视,https://t.freetv.fun/live/nei-meng-gu-wei-shi-4.m3u8
[SD]内蒙古卫视,https://t.freetv.fun/live/nei-meng-gu-wei-shi-7.m3u8
[BD]内蒙古卫视,https://t.freetv.fun/live/nei-meng-gu-wei-shi.m3u8
[BD]内蒙古卫视,https://t.freetv.fun/live/nei-meng-gu-wei-shi-1.m3u8
[BD]内蒙古卫视,https://t.freetv.fun/live/nei-meng-gu-wei-shi-17.m3u8
[SD]内蒙古卫视,https://t.freetv.fun/live/nei-meng-gu-wei-shi-12.m3u8
[BD]内蒙古卫视,https://t.freetv.fun/live/nei-meng-gu-wei-shi-14.m3u8
[SD]内蒙古卫视,https://t.freetv.fun/live/nei-meng-gu-wei-shi-3.m3u8
[BD]内蒙古卫视,https://t.freetv.fun/live/nei-meng-gu-wei-shi-5.m3u8
[SD]内蒙古卫视,https://t.freetv.fun/live/nei-meng-gu-wei-shi-6.m3u8
[BD]内蒙古卫视,https://t.freetv.fun/live/nei-meng-gu-wei-shi-8.m3u8
[SD]内蒙古卫视,https://t.freetv.fun/live/nei-meng-gu-wei-shi-9.m3u8
[BD]内蒙古卫视,https://t.freetv.fun/live/nei-meng-gu-wei-shi-10.m3u8
[BD]内蒙古卫视,https://t.freetv.fun/live/nei-meng-gu-wei-shi-11.m3u8
[SD]内蒙古卫视,https://t.freetv.fun/live/nei-meng-gu-wei-shi-13.m3u8
[BD]内蒙古卫视,https://t.freetv.fun/live/nei-meng-gu-wei-shi-15.m3u8
[BD]内蒙古卫视,https://t.freetv.fun/live/nei-meng-gu-wei-shi-16.m3u8
[BD]内蒙古卫视,https://t.freetv.fun/live/nei-meng-gu-wei-shi-18.m3u8
[BD]内蒙古卫视,https://t.freetv.fun/live/nei-meng-gu-wei-shi-19.m3u8
[BD]内蒙古卫视,https://t.freetv.fun/live/nei-meng-gu-wei-shi-20.m3u8
[BD]广州南国都市,https://t.freetv.fun/live/yan-zhou-nan-guo-du-shi-1.m3u8
[BD]广州南国都市,https://t.freetv.fun/live/yan-zhou-nan-guo-du-shi-2.m3u8
[BD]南国都市,https://t.freetv.fun/live/nan-guo-du-shi.m3u8
[BD]广州南国都市,https://t.freetv.fun/live/yan-zhou-nan-guo-du-shi.m3u8
[BD]南国都市,https://t.freetv.fun/live/nan-guo-du-shi-1.m3u8
[SD]吉林生活,https://t.freetv.fun/live/ji-lin-sheng-huo.m3u8
[SD]吉林生活,https://t.freetv.fun/live/ji-lin-sheng-huo-1.m3u8
[BD]吉林卫视,https://t.freetv.fun/live/ji-lin-wei-shi.m3u8
[VGA]吉林卫视,https://t.freetv.fun/live/ji-lin-wei-shi-4.m3u8
[BD]吉林卫视,https://t.freetv.fun/live/ji-lin-wei-shi-6.m3u8
[BD]吉林卫视,https://t.freetv.fun/live/ji-lin-wei-shi-17.m3u8
[BD]吉林卫视,https://t.freetv.fun/live/ji-lin-wei-shi-12.m3u8
[BD]吉林卫视,https://t.freetv.fun/live/ji-lin-wei-shi-1.m3u8
[SD]吉林卫视,https://t.freetv.fun/live/ji-lin-wei-shi-15.m3u8
[BD]吉林卫视,https://t.freetv.fun/live/ji-lin-wei-shi-10.m3u8
[HD]吉林卫视,https://t.freetv.fun/live/ji-lin-wei-shi-16.m3u8
[SD]吉林卫视,https://t.freetv.fun/live/ji-lin-wei-shi-34.m3u8
[BD]吉林卫视,https://t.freetv.fun/live/ji-lin-wei-shi-22.php
[SD]吉林卫视,https://t.freetv.fun/live/ji-lin-wei-shi-2.m3u8
[BD]吉林卫视,https://t.freetv.fun/live/ji-lin-wei-shi-3.m3u8
[BD]吉林卫视,https://t.freetv.fun/live/ji-lin-wei-shi-5.m3u8
[SD]吉林卫视,https://t.freetv.fun/live/ji-lin-wei-shi-7.m3u8
[SD]吉林卫视,https://t.freetv.fun/live/ji-lin-wei-shi-8.m3u8
[SD]吉林卫视,https://t.freetv.fun/live/ji-lin-wei-shi-9.m3u8
[HD]吉林卫视,https://t.freetv.fun/live/ji-lin-wei-shi-11.m3u8
[BD]吉林卫视,https://t.freetv.fun/live/ji-lin-wei-shi-13.m3u8
[BD]吉林卫视,https://t.freetv.fun/live/ji-lin-wei-shi-14.m3u8
[BD]吉林卫视,https://t.freetv.fun/live/ji-lin-wei-shi-18.m3u8
[BD]吉林卫视,https://t.freetv.fun/live/ji-lin-wei-shi-19.m3u8
[VGA]吉林卫视,https://t.freetv.fun/live/ji-lin-wei-shi-20.m3u8
[BD]吉林卫视,https://t.freetv.fun/live/ji-lin-wei-shi-21.m3u8
[HD]吉林卫视,https://t.freetv.fun/live/ji-lin-wei-shi-23.m3u8
[HD]吉林卫视,https://t.freetv.fun/live/ji-lin-wei-shi-24.m3u8
[SD]吉林都市,https://t.freetv.fun/live/ji-lin-du-shi.m3u8
[HD]吉林都市,https://t.freetv.fun/live/ji-lin-du-shi-1.m3u8
[HD]吉林都市,https://t.freetv.fun/live/ji-lin-du-shi-2.m3u8
[VGA]大湾区卫视,https://t.freetv.fun/live/da-wan-qu-wei-shi.m3u8
[HD]大湾区卫视,https://t.freetv.fun/live/da-wan-qu-wei-shi-2.m3u8
[HD]大湾区卫视,https://t.freetv.fun/live/da-wan-qu-wei-shi-6.php
[HD]大湾区卫视,https://t.freetv.fun/live/da-wan-qu-wei-shi-7.m3u8
[BD]大湾区卫视,https://t.freetv.fun/live/da-wan-qu-wei-shi-1.m3u8
[BD]大湾区卫视,https://t.freetv.fun/live/da-wan-qu-wei-shi-3.m3u8
[HD]大湾区卫视,https://t.freetv.fun/live/da-wan-qu-wei-shi-4.m3u8
[HD]大湾区卫视,https://t.freetv.fun/live/da-wan-qu-wei-shi-5.m3u8
[BD]大湾区卫视,https://t.freetv.fun/live/da-wan-qu-wei-shi-8.m3u8
[VGA]大湾区卫视,https://t.freetv.fun/live/da-wan-qu-wei-shi-9.m3u8
[BD]大湾区卫视,https://t.freetv.fun/live/da-wan-qu-wei-shi-10.m3u8
[BD]大湾区卫视,https://t.freetv.fun/live/da-wan-qu-wei-shi-11.m3u8
[BD]大湾区卫视,https://t.freetv.fun/live/da-wan-qu-wei-shi-12.m3u8
[BD]大湾区卫视,https://t.freetv.fun/live/da-wan-qu-wei-shi-13.m3u8
[BD]大湾区卫视高清,https://t.freetv.fun/live/da-wan-qu-wei-shi-gao-qing.m3u8
[BD]大湾区卫视高清,https://t.freetv.fun/live/da-wan-qu-wei-shi-gao-qing-1.m3u8
[BD]大湾区卫视高清,https://t.freetv.fun/live/da-wan-qu-wei-shi-gao-qing-2.m3u8
[BD]大湾区卫视高清,https://t.freetv.fun/live/da-wan-qu-wei-shi-gao-qing-3.m3u8
[BD]大湾区卫视高清,https://t.freetv.fun/live/da-wan-qu-wei-shi-gao-qing-4.m3u8
[BD]大湾区卫视高清,https://t.freetv.fun/live/da-wan-qu-wei-shi-gao-qing-5.m3u8
[BD]大湾区卫视高清,https://t.freetv.fun/live/da-wan-qu-wei-shi-gao-qing-6.m3u8
[BD]大湾区卫视高清,https://t.freetv.fun/live/da-wan-qu-wei-shi-gao-qing-7.m3u8
[BD]大湾区卫视高清,https://t.freetv.fun/live/da-wan-qu-wei-shi-gao-qing-8.m3u8
[BD]大湾区卫视高清,https://t.freetv.fun/live/da-wan-qu-wei-shi-gao-qing-9.m3u8
[BD]大湾区卫视高清,https://t.freetv.fun/live/da-wan-qu-wei-shi-gao-qing-11.m3u8
[BD]大湾区卫视高清,https://t.freetv.fun/live/da-wan-qu-wei-shi-gao-qing-12.m3u8
[BD]大湾区卫视高清,https://t.freetv.fun/live/da-wan-qu-wei-shi-gao-qing-13.m3u8
[BD]大湾区卫视高清,https://t.freetv.fun/live/da-wan-qu-wei-shi-gao-qing-14.m3u8
[BD]大湾区卫视高清,https://t.freetv.fun/live/da-wan-qu-wei-shi-gao-qing-15.m3u8
[BD]天津卫视,https://t.freetv.fun/live/tian-jin-wei-shi-3.m3u8
[BD]天津卫视,https://t.freetv.fun/live/tian-jin-wei-shi-4.m3u8
[BD]天津卫视,https://t.freetv.fun/live/tian-jin-wei-shi-5.m3u8
[BD]天津卫视,https://t.freetv.fun/live/tian-jin-wei-shi-6.m3u8
[BD]天津卫视,https://t.freetv.fun/live/tian-jin-wei-shi-13.m3u8
[BD]天津卫视,https://t.freetv.fun/live/tian-jin-wei-shi-16.m3u8
[BD]天津卫视,https://t.freetv.fun/live/tian-jin-wei-shi-1.m3u8
[BD]天津卫视,https://t.freetv.fun/live/tian-jin-wei-shi-7.m3u8
[BD]天津卫视,https://t.freetv.fun/live/tian-jin-wei-shi.m3u8
[BD]天津卫视,https://t.freetv.fun/live/tian-jin-wei-shi-2.m3u8
[BD]天津卫视,https://t.freetv.fun/live/tian-jin-wei-shi-10.m3u8
[HD]天津卫视,https://t.freetv.fun/live/tian-jin-wei-shi-26.m3u8
[BD]天津卫视,https://t.freetv.fun/live/tian-jin-wei-shi-11.m3u8
[BD]天津卫视,https://t.freetv.fun/live/tian-jin-wei-shi-18.m3u8
[BD]天津卫视,https://t.freetv.fun/live/tian-jin-wei-shi-25.m3u8
[SD]天津卫视,https://t.freetv.fun/live/tian-jin-wei-shi-8.m3u8
[BD]天津卫视,https://t.freetv.fun/live/tian-jin-wei-shi-9.m3u8
[BD]天津卫视,https://t.freetv.fun/live/tian-jin-wei-shi-12.m3u8
[BD]天津卫视,https://t.freetv.fun/live/tian-jin-wei-shi-14.m3u8
[BD]天津卫视,https://t.freetv.fun/live/tian-jin-wei-shi-15.m3u8
[BD]天津卫视,https://t.freetv.fun/live/tian-jin-wei-shi-17.m3u8
[BD]天津卫视,https://t.freetv.fun/live/tian-jin-wei-shi-19.m3u8
[BD]天津卫视,https://t.freetv.fun/live/tian-jin-wei-shi-20.m3u8
[BD]天津卫视,https://t.freetv.fun/live/tian-jin-wei-shi-21.php
[HD]天津卫视,https://t.freetv.fun/live/tian-jin-wei-shi-22.m3u8
[BD]天津卫视,https://t.freetv.fun/live/tian-jin-wei-shi-23.m3u8
[BD]天津卫视,https://t.freetv.fun/live/tian-jin-wei-shi-24.php
[BD]天津卫视,https://t.freetv.fun/live/tian-jin-wei-shi-27.m3u8
[BD]天津卫视,https://t.freetv.fun/live/tian-jin-wei-shi-28.m3u8
[VGA]安多卫视,https://t.freetv.fun/live/an-duo-wei-shi.m3u8
[BD]安多卫视,https://t.freetv.fun/live/an-duo-wei-shi-1.m3u8
[BD]安徽卫视,https://t.freetv.fun/live/an-hui-wei-shi-1.m3u8
[BD]安徽卫视,https://t.freetv.fun/live/an-hui-wei-shi-2.m3u8
[BD]安徽卫视,https://t.freetv.fun/live/an-hui-wei-shi-4.m3u8
[BD]安徽卫视,https://t.freetv.fun/live/an-hui-wei-shi-5.m3u8
[BD]安徽卫视,https://t.freetv.fun/live/an-hui-wei-shi-12.m3u8
[BD]安徽卫视,https://t.freetv.fun/live/an-hui-wei-shi-14.m3u8
[BD]安徽卫视,https://t.freetv.fun/live/an-hui-wei-shi-18.m3u8
[BD]安徽卫视,https://t.freetv.fun/live/an-hui-wei-shi-13.m3u8
[BD]安徽卫视,https://t.freetv.fun/live/an-hui-wei-shi-3.m3u8
[BD]安徽卫视,https://t.freetv.fun/live/an-hui-wei-shi-7.m3u8
[BD]安徽卫视,https://t.freetv.fun/live/an-hui-wei-shi-23.m3u8
[BD]安徽卫视,https://t.freetv.fun/live/an-hui-wei-shi.m3u8
[BD]安徽卫视,https://t.freetv.fun/live/an-hui-wei-shi-6.m3u8
[BD]安徽卫视,https://t.freetv.fun/live/an-hui-wei-shi-8.m3u8
[BD]安徽卫视,https://t.freetv.fun/live/an-hui-wei-shi-9.m3u8
[BD]安徽卫视,https://t.freetv.fun/live/an-hui-wei-shi-10.m3u8
[BD]安徽卫视,https://t.freetv.fun/live/an-hui-wei-shi-11.m3u8
[BD]安徽卫视,https://t.freetv.fun/live/an-hui-wei-shi-15.m3u8
[BD]安徽卫视,https://t.freetv.fun/live/an-hui-wei-shi-16.m3u8
[BD]安徽卫视,https://t.freetv.fun/live/an-hui-wei-shi-17.m3u8
[BD]安徽卫视,https://t.freetv.fun/live/an-hui-wei-shi-19.m3u8
[BD]安徽卫视,https://t.freetv.fun/live/an-hui-wei-shi-20.m3u8
[BD]安徽卫视,https://t.freetv.fun/live/an-hui-wei-shi-21.php
[BD]安徽卫视,https://t.freetv.fun/live/an-hui-wei-shi-22.m3u8
[BD]安徽卫视,https://t.freetv.fun/live/an-hui-wei-shi-24.php
[BD]安徽卫视,https://t.freetv.fun/live/an-hui-wei-shi-25.m3u8
[HD]安徽卫视,https://t.freetv.fun/live/an-hui-wei-shi-26.m3u8
[BD]安徽卫视,https://t.freetv.fun/live/an-hui-wei-shi-27.m3u8
[BD]安徽卫视,https://t.freetv.fun/live/an-hui-wei-shi-28.m3u8
[BD]安徽卫视,https://t.freetv.fun/live/an-hui-wei-shi-29.m3u8
[HD]安徽卫视,https://t.freetv.fun/live/an-hui-wei-shi-31.m3u8
[VGA]宿迁新闻综合,https://t.freetv.fun/live/su-qian-xin-wen-zong-he.m3u8
[VGA]宿迁新闻综合,https://t.freetv.fun/live/su-qian-xin-wen-zong-he-1.m3u8
[BD]山东卫视,https://t.freetv.fun/live/shan-dong-wei-shi-2.m3u8
[BD]山东卫视,https://t.freetv.fun/live/shan-dong-wei-shi-5.m3u8
[HD]山东卫视,https://t.freetv.fun/live/shan-dong-wei-shi-3.m3u8
[BD]山东卫视,https://t.freetv.fun/live/shan-dong-wei-shi.m3u8
[BD]山东卫视,https://t.freetv.fun/live/shan-dong-wei-shi-1.m3u8
[BD]山东卫视,https://t.freetv.fun/live/shan-dong-wei-shi-4.m3u8
[BD]山东卫视,https://t.freetv.fun/live/shan-dong-wei-shi-6.m3u8
[BD]山东卫视,https://t.freetv.fun/live/shan-dong-wei-shi-7.m3u8
[BD]山东卫视,https://t.freetv.fun/live/shan-dong-wei-shi-8.m3u8
[BD]山东卫视,https://t.freetv.fun/live/shan-dong-wei-shi-9.m3u8
[BD]山东卫视,https://t.freetv.fun/live/shan-dong-wei-shi-10.m3u8
[BD]山东卫视,https://t.freetv.fun/live/shan-dong-wei-shi-11.m3u8
[BD]山东卫视,https://t.freetv.fun/live/shan-dong-wei-shi-12.m3u8
[BD]山东卫视,https://t.freetv.fun/live/shan-dong-wei-shi-13.m3u8
[BD]山东卫视,https://t.freetv.fun/live/shan-dong-wei-shi-14.m3u8
[BD]山东卫视,https://t.freetv.fun/live/shan-dong-wei-shi-15.m3u8
[BD]山东卫视,https://t.freetv.fun/live/shan-dong-wei-shi-16.m3u8
[BD]山东卫视,https://t.freetv.fun/live/shan-dong-wei-shi-17.m3u8
[HD]山东卫视,https://t.freetv.fun/live/shan-dong-wei-shi-18.m3u8
[BD]山东卫视,https://t.freetv.fun/live/shan-dong-wei-shi-19.m3u8
[BD]山东卫视,https://t.freetv.fun/live/shan-dong-wei-shi-20.m3u8
[BD]山东卫视,https://t.freetv.fun/live/shan-dong-wei-shi-21.m3u8
[BD]山东卫视,https://t.freetv.fun/live/shan-dong-wei-shi-22.m3u8
[SD]山东卫视,https://t.freetv.fun/live/shan-dong-wei-shi-23.m3u8
[BD]山东卫视,https://t.freetv.fun/live/shan-dong-wei-shi-24.m3u8
[BD]山西卫视,https://t.freetv.fun/live/shan-xi-wei-shi-1.m3u8
[BD]山西卫视,https://t.freetv.fun/live/shan-xi-wei-shi-10.m3u8
[SD]山西卫视,https://t.freetv.fun/live/shan-xi-wei-shi-11.m3u8
[SD]山西卫视,https://t.freetv.fun/live/shan-xi-wei-shi-12.m3u8
[BD]山西卫视,https://t.freetv.fun/live/shan-xi-wei-shi-8-1.m3u8
[SD]山西卫视,https://t.freetv.fun/live/shan-xi-wei-shi-9.m3u8
[SD]山西卫视,https://t.freetv.fun/live/shan-xi-wei-shi-13.m3u8
[SD]山西卫视,https://t.freetv.fun/live/shan-xi-wei-shi-15.m3u8
[SD]山西卫视,https://t.freetv.fun/live/shan-xi-wei-shi-5.m3u8
[BD]山西卫视,https://t.freetv.fun/live/shan-xi-wei-shi-20.m3u8
[BD]山西卫视,https://t.freetv.fun/live/shan-xi-wei-shi-3.m3u8
[BD]山西卫视,https://t.freetv.fun/live/shan-xi-wei-shi-7-1.m3u8
[BD]山西卫视,https://t.freetv.fun/live/shan-xi-wei-shi-2-1.m3u8
[SD]山西卫视,https://t.freetv.fun/live/shan-xi-wei-shi-3-2.m3u8
[SD]山西卫视,https://t.freetv.fun/live/shan-xi-wei-shi-4-1.m3u8
[BD]山西卫视,https://t.freetv.fun/live/shan-xi-wei-shi-6-1.m3u8
[BD]山西卫视,https://t.freetv.fun/live/shan-xi-wei-shi-14.m3u8
[BD]山西卫视,https://t.freetv.fun/live/shan-xi-wei-shi-16-1.m3u8
[BD]山西卫视,https://t.freetv.fun/live/shan-xi-wei-shi-17-1.php
[BD]山西卫视,https://t.freetv.fun/live/shan-xi-wei-shi-18-1.m3u8
[BD]山西卫视,https://t.freetv.fun/live/shan-xi-wei-shi-19-1.m3u8
[BD]山西卫视,https://t.freetv.fun/live/shan-xi-wei-shi-21-1.m3u8
[HD]厦门卫视,https://t.freetv.fun/live/sha-men-wei-shi-1.m3u8
[SD]厦门卫视,https://t.freetv.fun/live/sha-men-wei-shi.m3u8
[SD]厦门卫视,https://t.freetv.fun/live/sha-men-wei-shi-5.m3u8
[SD]厦门卫视,https://t.freetv.fun/live/sha-men-wei-shi-2.m3u8
[SD]厦门卫视,https://t.freetv.fun/live/sha-men-wei-shi-3.m3u8
[SD]厦门卫视,https://t.freetv.fun/live/sha-men-wei-shi-4.m3u8
[SD]厦门卫视,https://t.freetv.fun/live/sha-men-wei-shi-6.m3u8
[SD]厦门卫视,https://t.freetv.fun/live/sha-men-wei-shi-7.m3u8
[SD]厦门卫视,https://t.freetv.fun/live/sha-men-wei-shi-8.m3u8
[HD]厦门卫视,https://t.freetv.fun/live/sha-men-wei-shi-9.m3u8
[SD]厦门卫视,https://t.freetv.fun/live/sha-men-wei-shi-10.m3u8
[HD]厦门卫视,https://t.freetv.fun/live/sha-men-wei-shi-11.m3u8
[BD]厦门卫视,https://t.freetv.fun/live/sha-men-wei-shi-12.m3u8
[HD]广州综合,https://t.freetv.fun/live/yan-zhou-zong-he.php
[HD]广州综合,https://t.freetv.fun/live/yan-zhou-zong-he-2.m3u8
[HD]广州综合,https://t.freetv.fun/live/yan-zhou-zong-he-1.m3u8
[HD]广州综合,https://t.freetv.fun/live/yan-zhou-zong-he-3.m3u8
[HD]广州综合,https://t.freetv.fun/live/yan-zhou-zong-he-5.m3u8
[HD]广东4k超高清,https://t.freetv.fun/live/yan-dong-4kchao-gao-qing.m3u8
[HD]广东4k超高清,https://t.freetv.fun/live/yan-dong-4kchao-gao-qing-1.m3u8
[BD]广东民生,https://t.freetv.fun/live/yan-dong-min-sheng.m3u8
[BD]广东民生,https://t.freetv.fun/live/yan-dong-min-sheng-1.m3u8
[HD]广东民生,https://t.freetv.fun/live/yan-dong-min-sheng-2.m3u8
[HD]广东民生,https://t.freetv.fun/live/yan-dong-min-sheng-5.m3u8
[BD]广东民生,https://t.freetv.fun/live/yan-dong-min-sheng-6.m3u8
[BD]广东民生高清,https://t.freetv.fun/live/yan-dong-min-sheng-gao-qing.m3u8
[BD]广东民生高清,https://t.freetv.fun/live/yan-dong-min-sheng-gao-qing-1.m3u8
[BD]广东民生高清,https://t.freetv.fun/live/yan-dong-min-sheng-gao-qing-2.m3u8
[BD]广东民生高清,https://t.freetv.fun/live/yan-dong-min-sheng-gao-qing-3.m3u8
[BD]广东民生高清,https://t.freetv.fun/live/yan-dong-min-sheng-gao-qing-4.m3u8
[BD]广东民生高清,https://t.freetv.fun/live/yan-dong-min-sheng-gao-qing-5.m3u8
[BD]广东民生高清,https://t.freetv.fun/live/yan-dong-min-sheng-gao-qing-6.m3u8
[BD]广东民生高清,https://t.freetv.fun/live/yan-dong-min-sheng-gao-qing-7.m3u8
[BD]广东民生高清,https://t.freetv.fun/live/yan-dong-min-sheng-gao-qing-8.m3u8
[BD]广东民生高清,https://t.freetv.fun/live/yan-dong-min-sheng-gao-qing-9.m3u8
[BD]广东民生高清,https://t.freetv.fun/live/yan-dong-min-sheng-gao-qing-10.m3u8
[BD]广东民生高清,https://t.freetv.fun/live/yan-dong-min-sheng-gao-qing-11.m3u8
[BD]广东民生高清,https://t.freetv.fun/live/yan-dong-min-sheng-gao-qing-14.m3u8
[BD]广东民生高清,https://t.freetv.fun/live/yan-dong-min-sheng-gao-qing-16.m3u8
[BD]广东民生高清,https://t.freetv.fun/live/yan-dong-min-sheng-gao-qing-26.m3u8
[HD]广东珠江,https://t.freetv.fun/live/yan-dong-zhu-jiang.m3u8
[BD]广东珠江,https://t.freetv.fun/live/yan-dong-zhu-jiang-1.m3u8
[BD]广东珠江,https://t.freetv.fun/live/yan-dong-zhu-jiang-2.m3u8
[HD]广东珠江,https://t.freetv.fun/live/yan-dong-zhu-jiang-6.m3u8
[BD]广东珠江,https://t.freetv.fun/live/yan-dong-zhu-jiang-3.m3u8
[HD]广东珠江,https://t.freetv.fun/live/yan-dong-zhu-jiang-4.m3u8
[HD]广东珠江,https://t.freetv.fun/live/yan-dong-zhu-jiang-5.m3u8
[SD]广东珠江,https://t.freetv.fun/live/yan-dong-zhu-jiang-7.m3u8
[BD]广东珠江,https://t.freetv.fun/live/yan-dong-zhu-jiang-8.m3u8
[HD]广东珠江,https://t.freetv.fun/live/yan-dong-zhu-jiang-9.m3u8
[HD]广东珠江,https://t.freetv.fun/live/yan-dong-zhu-jiang-11.m3u8
[SD]广东珠江,https://t.freetv.fun/live/yan-dong-zhu-jiang-12.m3u8
[BD]广东珠江,https://t.freetv.fun/live/yan-dong-zhu-jiang-13.m3u8
[HD]广东珠江,https://t.freetv.fun/live/yan-dong-zhu-jiang-14.m3u8
[BD]广东珠江,https://t.freetv.fun/live/yan-dong-zhu-jiang-15.m3u8
[BD]广东珠江,https://t.freetv.fun/live/yan-dong-zhu-jiang-16.m3u8
[BD]广东珠江,https://t.freetv.fun/live/yan-dong-zhu-jiang-17.m3u8
[BD]广东珠江,https://t.freetv.fun/live/yan-dong-zhu-jiang-18.m3u8
[BD]广东珠江高清,https://t.freetv.fun/live/yan-dong-zhu-jiang-gao-qing.m3u8
[BD]广东珠江高清,https://t.freetv.fun/live/yan-dong-zhu-jiang-gao-qing-1.m3u8
[BD]广东珠江高清,https://t.freetv.fun/live/yan-dong-zhu-jiang-gao-qing-3.m3u8
[BD]广东珠江高清,https://t.freetv.fun/live/yan-dong-zhu-jiang-gao-qing-4.m3u8
[BD]广东珠江高清,https://t.freetv.fun/live/yan-dong-zhu-jiang-gao-qing-5.m3u8
[BD]广东珠江高清,https://t.freetv.fun/live/yan-dong-zhu-jiang-gao-qing-6.m3u8
[BD]广东珠江高清,https://t.freetv.fun/live/yan-dong-zhu-jiang-gao-qing-7.m3u8
[BD]广东珠江高清,https://t.freetv.fun/live/yan-dong-zhu-jiang-gao-qing-8.m3u8
[BD]广东珠江高清,https://t.freetv.fun/live/yan-dong-zhu-jiang-gao-qing-9.m3u8
[BD]广东珠江高清,https://t.freetv.fun/live/yan-dong-zhu-jiang-gao-qing-10.m3u8
[BD]广东珠江高清,https://t.freetv.fun/live/yan-dong-zhu-jiang-gao-qing-11.m3u8
[BD]广东珠江高清,https://t.freetv.fun/live/yan-dong-zhu-jiang-gao-qing-12.m3u8
[BD]广东珠江高清,https://t.freetv.fun/live/yan-dong-zhu-jiang-gao-qing-15.m3u8
[BD]广东珠江高清,https://t.freetv.fun/live/yan-dong-zhu-jiang-gao-qing-18.m3u8
[BD]广东珠江高清,https://t.freetv.fun/live/yan-dong-zhu-jiang-gao-qing-25.m3u8
[BD]广东卫视,https://t.freetv.fun/live/yan-dong-wei-shi.m3u8
[BD]广东卫视,https://t.freetv.fun/live/yan-dong-wei-shi-7.m3u8
[BD]广东卫视,https://t.freetv.fun/live/yan-dong-wei-shi-8.m3u8
[BD]广东卫视,https://t.freetv.fun/live/yan-dong-wei-shi-16.m3u8
[BD]广东卫视,https://t.freetv.fun/live/yan-dong-wei-shi-20.m3u8
[BD]广东卫视,https://t.freetv.fun/live/yan-dong-wei-shi-15.m3u8
[HD]广东卫视,https://t.freetv.fun/live/yan-dong-wei-shi-6.m3u8
[BD]广东卫视,https://t.freetv.fun/live/yan-dong-wei-shi-9.m3u8
[BD]广东卫视,https://t.freetv.fun/live/yan-dong-wei-shi-18.m3u8
[BD]广东卫视,https://t.freetv.fun/live/yan-dong-wei-shi-22.php
[BD]广东卫视,https://t.freetv.fun/live/yan-dong-wei-shi-25.m3u8
[BD]广东卫视,https://t.freetv.fun/live/yan-dong-wei-shi-28.m3u8
[BD]广东卫视,https://t.freetv.fun/live/yan-dong-wei-shi-1.m3u8
[BD]广东卫视,https://t.freetv.fun/live/yan-dong-wei-shi-2.m3u8
[BD]广东卫视,https://t.freetv.fun/live/yan-dong-wei-shi-3.m3u8
[BD]广东卫视,https://t.freetv.fun/live/yan-dong-wei-shi-4.m3u8
[HD]广东卫视,https://t.freetv.fun/live/yan-dong-wei-shi-5.m3u8
[BD]广东卫视,https://t.freetv.fun/live/yan-dong-wei-shi-10.m3u8
[BD]广东卫视,https://t.freetv.fun/live/yan-dong-wei-shi-11.m3u8
[BD]广东卫视,https://t.freetv.fun/live/yan-dong-wei-shi-12.m3u8
[BD]广东卫视,https://t.freetv.fun/live/yan-dong-wei-shi-13.m3u8
[BD]广东卫视,https://t.freetv.fun/live/yan-dong-wei-shi-14.m3u8
[BD]广东卫视,https://t.freetv.fun/live/yan-dong-wei-shi-17.m3u8
[BD]广东卫视,https://t.freetv.fun/live/yan-dong-wei-shi-19.m3u8
[BD]广东卫视,https://t.freetv.fun/live/yan-dong-wei-shi-21.m3u8
[HD]广东卫视,https://t.freetv.fun/live/yan-dong-wei-shi-23.m3u8
[HD]广东卫视,https://t.freetv.fun/live/yan-dong-wei-shi-24.m3u8
[BD]广东卫视,https://t.freetv.fun/live/yan-dong-wei-shi-26.m3u8
[HD]广东卫视,https://t.freetv.fun/live/yan-dong-wei-shi-27.m3u8
[BD]广东卫视,https://t.freetv.fun/live/yan-dong-wei-shi-29.m3u8
[BD]广东卫视,https://t.freetv.fun/live/yan-dong-wei-shi-30.m3u8
[BD]广东卫视,https://t.freetv.fun/live/yan-dong-wei-shi-31.m3u8
[BD]广东卫视,https://t.freetv.fun/live/yan-dong-wei-shi-35.m3u8
[BD]广东卫视高清,https://t.freetv.fun/live/yan-dong-wei-shi-gao-qing-1.m3u8
[BD]广东卫视高清,https://t.freetv.fun/live/yan-dong-wei-shi-gao-qing-25.m3u8
[BD]广东卫视高清,https://t.freetv.fun/live/yan-dong-wei-shi-gao-qing-27.m3u8
[BD]广东卫视高清,https://t.freetv.fun/live/yan-dong-wei-shi-gao-qing.m3u8
[BD]广东卫视高清,https://t.freetv.fun/live/yan-dong-wei-shi-gao-qing-3.m3u8
[BD]广东卫视高清,https://t.freetv.fun/live/yan-dong-wei-shi-gao-qing-4.m3u8
[BD]广东卫视高清,https://t.freetv.fun/live/yan-dong-wei-shi-gao-qing-5.m3u8
[BD]广东卫视高清,https://t.freetv.fun/live/yan-dong-wei-shi-gao-qing-6.m3u8
[BD]广东卫视高清,https://t.freetv.fun/live/yan-dong-wei-shi-gao-qing-7.m3u8
[BD]广东卫视高清,https://t.freetv.fun/live/yan-dong-wei-shi-gao-qing-8.m3u8
[BD]广东卫视高清,https://t.freetv.fun/live/yan-dong-wei-shi-gao-qing-9.m3u8
[BD]广东卫视高清,https://t.freetv.fun/live/yan-dong-wei-shi-gao-qing-10.m3u8
[BD]广东卫视高清,https://t.freetv.fun/live/yan-dong-wei-shi-gao-qing-11.m3u8
[BD]广东卫视高清,https://t.freetv.fun/live/yan-dong-wei-shi-gao-qing-12.m3u8
[BD]广西卫视,https://t.freetv.fun/live/yan-xi-wei-shi.m3u8
[BD]广西卫视,https://t.freetv.fun/live/yan-xi-wei-shi-1.m3u8
[SD]广西卫视,https://t.freetv.fun/live/yan-xi-wei-shi-9.m3u8
[BD]广西卫视,https://t.freetv.fun/live/yan-xi-wei-shi-8.m3u8
[HD]广西卫视,https://t.freetv.fun/live/yan-xi-wei-shi-15.m3u8
[HD]广西卫视,https://t.freetv.fun/live/yan-xi-wei-shi-11.m3u8
[BD]广西卫视,https://t.freetv.fun/live/yan-xi-wei-shi-3.m3u8
[SD]广西卫视,https://t.freetv.fun/live/yan-xi-wei-shi-7.m3u8
[HD]广西卫视,https://t.freetv.fun/live/yan-xi-wei-shi-16.m3u8
[SD]广西卫视,https://t.freetv.fun/live/yan-xi-wei-shi-18.m3u8
[BD]广西卫视,https://t.freetv.fun/live/yan-xi-wei-shi-24.m3u8
[BD]广西卫视,https://t.freetv.fun/live/yan-xi-wei-shi-28.m3u8
[BD]广西卫视,https://t.freetv.fun/live/yan-xi-wei-shi-29.m3u8
[BD]广西卫视,https://t.freetv.fun/live/yan-xi-wei-shi-20.m3u8
[BD]广西卫视,https://t.freetv.fun/live/yan-xi-wei-shi-2.m3u8
[BD]广西卫视,https://t.freetv.fun/live/yan-xi-wei-shi-4.m3u8
[BD]广西卫视,https://t.freetv.fun/live/yan-xi-wei-shi-5.m3u8
[BD]广西卫视,https://t.freetv.fun/live/yan-xi-wei-shi-6.m3u8
[BD]广西卫视,https://t.freetv.fun/live/yan-xi-wei-shi-10.m3u8
[SD]广西卫视,https://t.freetv.fun/live/yan-xi-wei-shi-12.m3u8
[HD]广西卫视,https://t.freetv.fun/live/yan-xi-wei-shi-13.m3u8
[SD]广西卫视,https://t.freetv.fun/live/yan-xi-wei-shi-14.m3u8
[VGA]广西卫视,https://t.freetv.fun/live/yan-xi-wei-shi-17.m3u8
[BD]广西卫视,https://t.freetv.fun/live/yan-xi-wei-shi-19.m3u8
[HD]广西卫视,https://t.freetv.fun/live/yan-xi-wei-shi-21.m3u8
[SD]广西卫视,https://t.freetv.fun/live/yan-xi-wei-shi-22.m3u8
[HD]广西卫视,https://t.freetv.fun/live/yan-xi-wei-shi-23.m3u8
[BD]广西卫视,https://t.freetv.fun/live/yan-xi-wei-shi-25.m3u8
[SD]广西卫视,https://t.freetv.fun/live/yan-xi-wei-shi-26.m3u8
[HD]广西卫视,https://t.freetv.fun/live/yan-xi-wei-shi-27.m3u8
[SD]延边卫视,https://t.freetv.fun/live/yan-bian-wei-shi-2.m3u8
[HD]延边卫视,https://t.freetv.fun/live/yan-bian-wei-shi-4.m3u8
[HD]延边卫视,https://t.freetv.fun/live/yan-bian-wei-shi.m3u8
[HD]延边卫视,https://t.freetv.fun/live/yan-bian-wei-shi-1.m3u8
[SD]延边卫视,https://t.freetv.fun/live/yan-bian-wei-shi-3.m3u8
[VGA]延边卫视,https://t.freetv.fun/live/yan-bian-wei-shi-7.m3u8
[BD]新疆卫视,https://t.freetv.fun/live/xin-jiang-wei-shi.m3u8
[SD]新疆卫视,https://t.freetv.fun/live/xin-jiang-wei-shi-1.m3u8
[SD]新疆卫视,https://t.freetv.fun/live/xin-jiang-wei-shi-2.m3u8
[BD]新疆卫视,https://t.freetv.fun/live/xin-jiang-wei-shi-6.m3u8
[BD]新疆卫视,https://t.freetv.fun/live/xin-jiang-wei-shi-7.m3u8
[BD]新疆卫视,https://t.freetv.fun/live/xin-jiang-wei-shi-11.m3u8
[BD]新疆卫视,https://t.freetv.fun/live/xin-jiang-wei-shi-14.m3u8
[BD]新疆卫视,https://t.freetv.fun/live/xin-jiang-wei-shi-8.m3u8
[SD]新疆卫视,https://t.freetv.fun/live/xin-jiang-wei-shi-15.m3u8
[BD]新疆卫视,https://t.freetv.fun/live/xin-jiang-wei-shi-3.m3u8
[HD]新疆卫视,https://t.freetv.fun/live/xin-jiang-wei-shi-16.m3u8
[BD]新疆卫视,https://t.freetv.fun/live/xin-jiang-wei-shi-5.m3u8
[BD]新疆卫视,https://t.freetv.fun/live/xin-jiang-wei-shi-10.m3u8
[BD]新疆卫视,https://t.freetv.fun/live/xin-jiang-wei-shi-4.m3u8
[SD]新疆卫视,https://t.freetv.fun/live/xin-jiang-wei-shi-9.m3u8
[BD]新疆卫视,https://t.freetv.fun/live/xin-jiang-wei-shi-12.m3u8
[BD]新疆卫视,https://t.freetv.fun/live/xin-jiang-wei-shi-13.m3u8
[BD]新疆卫视,https://t.freetv.fun/live/xin-jiang-wei-shi-17.php
[BD]新疆卫视,https://t.freetv.fun/live/xin-jiang-wei-shi-18.m3u8
[BD]新疆卫视,https://t.freetv.fun/live/xin-jiang-wei-shi-19.m3u8
[BD]晋城公共,https://t.freetv.fun/live/jin-cheng-gong-gong-1.m3u8
[BD]东南卫视,https://t.freetv.fun/live/dong-nan-wei-shi-2.m3u8
[BD]东南卫视,https://t.freetv.fun/live/dong-nan-wei-shi-3.m3u8
[HD]东南卫视,https://t.freetv.fun/live/dong-nan-wei-shi-8.m3u8
[HD]东南卫视,https://t.freetv.fun/live/dong-nan-wei-shi-13.php
[HD]东南卫视,https://t.freetv.fun/live/dong-nan-wei-shi-11.m3u8
[SD]东南卫视,https://t.freetv.fun/live/dong-nan-wei-shi-14.m3u8
[BD]东南卫视,https://t.freetv.fun/live/dong-nan-wei-shi.m3u8
[SD]东南卫视,https://t.freetv.fun/live/dong-nan-wei-shi-10.m3u8
[BD]东南卫视,https://t.freetv.fun/live/dong-nan-wei-shi-1.m3u8
[BD]东南卫视,https://t.freetv.fun/live/dong-nan-wei-shi-4.m3u8
[SD]东南卫视,https://t.freetv.fun/live/dong-nan-wei-shi-5.m3u8
[BD]东南卫视,https://t.freetv.fun/live/dong-nan-wei-shi-6.m3u8
[BD]东南卫视,https://t.freetv.fun/live/dong-nan-wei-shi-7.m3u8
[SD]东南卫视,https://t.freetv.fun/live/dong-nan-wei-shi-9.m3u8
[BD]东南卫视,https://t.freetv.fun/live/dong-nan-wei-shi-12.m3u8
[BD]东南卫视,https://t.freetv.fun/live/dong-nan-wei-shi-15.m3u8
[BD]东南卫视,https://t.freetv.fun/live/dong-nan-wei-shi-16.m3u8
[SD]东南卫视,https://t.freetv.fun/live/dong-nan-wei-shi-17.m3u8
[SD]东南卫视,https://t.freetv.fun/live/dong-nan-wei-shi-18.m3u8
[SD]东南卫视,https://t.freetv.fun/live/dong-nan-wei-shi-19.m3u8
[SD]东南卫视,https://t.freetv.fun/live/dong-nan-wei-shi-20.m3u8
[BD]东南卫视,https://t.freetv.fun/live/dong-nan-wei-shi-21.m3u8
[SD]东南卫视,https://t.freetv.fun/live/dong-nan-wei-shi-22.m3u8
[HD]东南卫视,https://t.freetv.fun/live/dong-nan-wei-shi-23.m3u8
[BD]东南卫视,https://t.freetv.fun/live/dong-nan-wei-shi-24.m3u8
[HD]东南卫视,https://t.freetv.fun/live/dong-nan-wei-shi-25.php
[BD]东南卫视,https://t.freetv.fun/live/dong-nan-wei-shi-26.m3u8
[HD]东南卫视,https://t.freetv.fun/live/dong-nan-wei-shi-27.m3u8
[BD]东南卫视,https://t.freetv.fun/live/dong-nan-wei-shi-28.m3u8
[BD]东方卫视,https://t.freetv.fun/live/dong-fang-wei-shi-1.m3u8
[BD]东方卫视,https://t.freetv.fun/live/dong-fang-wei-shi-3.m3u8
[HD]东方卫视,https://t.freetv.fun/live/dong-fang-wei-shi-8.m3u8
[BD]东方卫视,https://t.freetv.fun/live/dong-fang-wei-shi-9.m3u8
[HD]东方卫视,https://t.freetv.fun/live/dong-fang-wei-shi-20.m3u8
[BD]东方卫视,https://t.freetv.fun/live/dong-fang-wei-shi-17.m3u8
[BD]东方卫视,https://t.freetv.fun/live/dong-fang-wei-shi.m3u8
[BD]东方卫视,https://t.freetv.fun/live/dong-fang-wei-shi-2.m3u8
[BD]东方卫视,https://t.freetv.fun/live/dong-fang-wei-shi-4.m3u8
[HD]东方卫视,https://t.freetv.fun/live/dong-fang-wei-shi-5.m3u8
[BD]东方卫视,https://t.freetv.fun/live/dong-fang-wei-shi-6.m3u8
[BD]东方卫视,https://t.freetv.fun/live/dong-fang-wei-shi-7.m3u8
[BD]东方卫视,https://t.freetv.fun/live/dong-fang-wei-shi-10.m3u8
[BD]东方卫视,https://t.freetv.fun/live/dong-fang-wei-shi-11.m3u8
[SD]东方卫视,https://t.freetv.fun/live/dong-fang-wei-shi-13.m3u8
[SD]东方卫视,https://t.freetv.fun/live/dong-fang-wei-shi-14.m3u8
[SD]东方卫视,https://t.freetv.fun/live/dong-fang-wei-shi-15.m3u8
[BD]东方卫视,https://t.freetv.fun/live/dong-fang-wei-shi-16.m3u8
[HD]东方卫视,https://t.freetv.fun/live/dong-fang-wei-shi-18.m3u8
[SD]东方卫视,https://t.freetv.fun/live/dong-fang-wei-shi-19.m3u8
[BD]东方卫视,https://t.freetv.fun/live/dong-fang-wei-shi-21.m3u8
[BD]东方卫视,https://t.freetv.fun/live/dong-fang-wei-shi-22.m3u8
[BD]东方卫视,https://t.freetv.fun/live/dong-fang-wei-shi-23.m3u8
[BD]东方卫视,https://t.freetv.fun/live/dong-fang-wei-shi-24.m3u8
[BD]东方卫视,https://t.freetv.fun/live/dong-fang-wei-shi-25.m3u8
[BD]东方卫视,https://t.freetv.fun/live/dong-fang-wei-shi-26.m3u8
[BD]东方卫视,https://t.freetv.fun/live/dong-fang-wei-shi-27.m3u8
[BD]东方卫视,https://t.freetv.fun/live/dong-fang-wei-shi-28.m3u8
[HD]东方卫视,https://t.freetv.fun/live/dong-fang-wei-shi-29.m3u8
[HD]东方卫视,https://t.freetv.fun/live/dong-fang-wei-shi-30.m3u8
[VGA]东莞综合,https://t.freetv.fun/live/dong-wan-zong-he.m3u8
[BD]-汕尾综合,https://t.freetv.fun/live/shan-wei-zong-he.m3u8
[BD]汕尾综合高清,https://t.freetv.fun/live/shan-wei-zong-he-gao-qing.m3u8
[BD]汕尾综合高清,https://t.freetv.fun/live/shan-wei-zong-he-gao-qing-1.m3u8
[BD]汕尾综合高清,https://t.freetv.fun/live/shan-wei-zong-he-gao-qing-3.m3u8
[BD]汕尾综合高清,https://t.freetv.fun/live/shan-wei-zong-he-gao-qing-5.m3u8
[BD]汕尾综合高清,https://t.freetv.fun/live/shan-wei-zong-he-gao-qing-6.m3u8
[BD]汕尾综合高清,https://t.freetv.fun/live/shan-wei-zong-he-gao-qing-7.m3u8
[BD]汕尾综合高清,https://t.freetv.fun/live/shan-wei-zong-he-gao-qing-8.m3u8
[BD]汕尾综合高清,https://t.freetv.fun/live/shan-wei-zong-he-gao-qing-9.m3u8
[BD]汕尾综合高清,https://t.freetv.fun/live/shan-wei-zong-he-gao-qing-10.m3u8
[BD]汕尾综合高清,https://t.freetv.fun/live/shan-wei-zong-he-gao-qing-11.m3u8
[BD]汕尾综合高清,https://t.freetv.fun/live/shan-wei-zong-he-gao-qing-12.m3u8
[BD]汕尾综合高清,https://t.freetv.fun/live/shan-wei-zong-he-gao-qing-13.m3u8
[VGA]汕尾综合高清,https://t.freetv.fun/live/shan-wei-zong-he-gao-qing-15.m3u8
[BD]汕尾综合高清,https://t.freetv.fun/live/shan-wei-zong-he-gao-qing-16.m3u8
[VGA]汕尾综合高清,https://t.freetv.fun/live/shan-wei-zong-he-gao-qing-22.m3u8
[BD]汕尾综合高清,https://t.freetv.fun/live/shan-wei-zong-he-gao-qing-28.m3u8
[BD]汕头生活高清,https://t.freetv.fun/live/shan-tou-sheng-huo-gao-qing.m3u8
[BD]汕头生活高清,https://t.freetv.fun/live/shan-tou-sheng-huo-gao-qing-1.m3u8
[BD]汕头生活高清,https://t.freetv.fun/live/shan-tou-sheng-huo-gao-qing-2.m3u8
[BD]汕头生活高清,https://t.freetv.fun/live/shan-tou-sheng-huo-gao-qing-3.m3u8
[BD]汕头生活高清,https://t.freetv.fun/live/shan-tou-sheng-huo-gao-qing-4.m3u8
[BD]汕头生活高清,https://t.freetv.fun/live/shan-tou-sheng-huo-gao-qing-5.m3u8
[BD]汕头生活高清,https://t.freetv.fun/live/shan-tou-sheng-huo-gao-qing-6.m3u8
[BD]汕头生活高清,https://t.freetv.fun/live/shan-tou-sheng-huo-gao-qing-8.m3u8
[BD]汕头生活高清,https://t.freetv.fun/live/shan-tou-sheng-huo-gao-qing-9.m3u8
[BD]汕头生活高清,https://t.freetv.fun/live/shan-tou-sheng-huo-gao-qing-10.m3u8
[BD]汕头生活高清,https://t.freetv.fun/live/shan-tou-sheng-huo-gao-qing-11.m3u8
[BD]汕头生活高清,https://t.freetv.fun/live/shan-tou-sheng-huo-gao-qing-12.m3u8
[BD]汕头生活高清,https://t.freetv.fun/live/shan-tou-sheng-huo-gao-qing-13.m3u8
[VGA]汕头生活高清,https://t.freetv.fun/live/shan-tou-sheng-huo-gao-qing-16.m3u8
[VGA]汕头生活高清,https://t.freetv.fun/live/shan-tou-sheng-huo-gao-qing-18.m3u8
[VGA]汕头生活高清,https://t.freetv.fun/live/shan-tou-sheng-huo-gao-qing-23.m3u8
[BD]汕头生活高清,https://t.freetv.fun/live/shan-tou-sheng-huo-gao-qing-28.m3u8
[BD]汕头综合高清,https://t.freetv.fun/live/shan-tou-zong-he-gao-qing.m3u8
[BD]汕头综合高清,https://t.freetv.fun/live/shan-tou-zong-he-gao-qing-1.m3u8
[BD]汕头综合高清,https://t.freetv.fun/live/shan-tou-zong-he-gao-qing-3.m3u8
[BD]汕头综合高清,https://t.freetv.fun/live/shan-tou-zong-he-gao-qing-4.m3u8
[BD]汕头综合高清,https://t.freetv.fun/live/shan-tou-zong-he-gao-qing-5.m3u8
[BD]汕头综合高清,https://t.freetv.fun/live/shan-tou-zong-he-gao-qing-6.m3u8
[BD]汕头综合高清,https://t.freetv.fun/live/shan-tou-zong-he-gao-qing-7.m3u8
[BD]汕头综合高清,https://t.freetv.fun/live/shan-tou-zong-he-gao-qing-8.m3u8
[BD]汕头综合高清,https://t.freetv.fun/live/shan-tou-zong-he-gao-qing-10.m3u8
[BD]汕头综合高清,https://t.freetv.fun/live/shan-tou-zong-he-gao-qing-11.m3u8
[BD]汕头综合高清,https://t.freetv.fun/live/shan-tou-zong-he-gao-qing-12.m3u8
[BD]汕头综合高清,https://t.freetv.fun/live/shan-tou-zong-he-gao-qing-13.m3u8
[VGA]汕头综合高清,https://t.freetv.fun/live/shan-tou-zong-he-gao-qing-14.m3u8
[BD]汕头综合高清,https://t.freetv.fun/live/shan-tou-zong-he-gao-qing-16.m3u8
[VGA]汕头综合高清,https://t.freetv.fun/live/shan-tou-zong-he-gao-qing-18.m3u8
[BD]汕头综合高清,https://t.freetv.fun/live/shan-tou-zong-he-gao-qing-19.m3u8
[VGA]江苏城市,https://t.freetv.fun/live/jiang-su-cheng-shi.m3u8
[HD]江苏卫视,https://t.freetv.fun/live/jiang-su-wei-shi-4.m3u8
[BD]江苏卫视,https://t.freetv.fun/live/jiang-su-wei-shi-7.m3u8
[BD]江苏卫视,https://t.freetv.fun/live/jiang-su-wei-shi-16.m3u8
[BD]江苏卫视,https://t.freetv.fun/live/jiang-su-wei-shi-17.m3u8
[BD]江苏卫视,https://t.freetv.fun/live/jiang-su-wei-shi-11.m3u8
[BD]江苏卫视,https://t.freetv.fun/live/jiang-su-wei-shi-13.m3u8
[BD]江苏卫视,https://t.freetv.fun/live/jiang-su-wei-shi-10.m3u8
[BD]江苏卫视,https://t.freetv.fun/live/jiang-su-wei-shi-3.m3u8
[BD]江苏卫视,https://t.freetv.fun/live/jiang-su-wei-shi-30.m3u8
[HD]江苏卫视,https://t.freetv.fun/live/jiang-su-wei-shi.m3u8
[BD]江苏卫视,https://t.freetv.fun/live/jiang-su-wei-shi-1.m3u8
[BD]江苏卫视,https://t.freetv.fun/live/jiang-su-wei-shi-2.m3u8
[BD]江苏卫视,https://t.freetv.fun/live/jiang-su-wei-shi-5.m3u8
[BD]江苏卫视,https://t.freetv.fun/live/jiang-su-wei-shi-6.m3u8
[BD]江苏卫视,https://t.freetv.fun/live/jiang-su-wei-shi-8.m3u8
[BD]江苏卫视,https://t.freetv.fun/live/jiang-su-wei-shi-9.m3u8
[BD]江苏卫视,https://t.freetv.fun/live/jiang-su-wei-shi-12.m3u8
[BD]江苏卫视,https://t.freetv.fun/live/jiang-su-wei-shi-14.m3u8
[BD]江苏卫视,https://t.freetv.fun/live/jiang-su-wei-shi-15.m3u8
[BD]江苏卫视,https://t.freetv.fun/live/jiang-su-wei-shi-18.m3u8
[BD]江苏卫视,https://t.freetv.fun/live/jiang-su-wei-shi-19.m3u8
[BD]江苏卫视,https://t.freetv.fun/live/jiang-su-wei-shi-20.m3u8
[BD]江苏卫视,https://t.freetv.fun/live/jiang-su-wei-shi-22.m3u8
[HD]江苏卫视,https://t.freetv.fun/live/jiang-su-wei-shi-23.m3u8
[BD]江苏卫视,https://t.freetv.fun/live/jiang-su-wei-shi-24.m3u8
[BD]江苏卫视,https://t.freetv.fun/live/jiang-su-wei-shi-25.m3u8
[BD]江苏卫视,https://t.freetv.fun/live/jiang-su-wei-shi-26.m3u8
[BD]江苏卫视,https://t.freetv.fun/live/jiang-su-wei-shi-27.m3u8
[BD]江苏卫视,https://t.freetv.fun/live/jiang-su-wei-shi-28.m3u8
[BD]江苏卫视,https://t.freetv.fun/live/jiang-su-wei-shi-29.php
[BD]江苏卫视,https://t.freetv.fun/live/jiang-su-wei-shi-31.m3u8
[BD]江苏卫视,https://t.freetv.fun/live/jiang-su-wei-shi-32.m3u8
[BD]江苏卫视,https://t.freetv.fun/live/jiang-su-wei-shi-33.m3u8
[HD]江苏卫视,https://t.freetv.fun/live/jiang-su-wei-shi-34.m3u8
[BD]江西卫视,https://t.freetv.fun/live/jiang-xi-wei-shi-2.m3u8
[BD]江西卫视,https://t.freetv.fun/live/jiang-xi-wei-shi-4.m3u8
[BD]江西卫视,https://t.freetv.fun/live/jiang-xi-wei-shi-5.m3u8
[BD]江西卫视,https://t.freetv.fun/live/jiang-xi-wei-shi-7.m3u8
[BD]江西卫视,https://t.freetv.fun/live/jiang-xi-wei-shi-13.m3u8
[BD]江西卫视,https://t.freetv.fun/live/jiang-xi-wei-shi-14.m3u8
[BD]江西卫视,https://t.freetv.fun/live/jiang-xi-wei-shi-20.m3u8
[BD]江西卫视,https://t.freetv.fun/live/jiang-xi-wei-shi-11.m3u8
[BD]江西卫视,https://t.freetv.fun/live/jiang-xi-wei-shi-21.m3u8
[BD]江西卫视,https://t.freetv.fun/live/jiang-xi-wei-shi.m3u8
[HD]江西卫视,https://t.freetv.fun/live/jiang-xi-wei-shi-1.m3u8
[SD]江西卫视,https://t.freetv.fun/live/jiang-xi-wei-shi-6.m3u8
[BD]江西卫视,https://t.freetv.fun/live/jiang-xi-wei-shi-22.m3u8
[BD]江西卫视,https://t.freetv.fun/live/jiang-xi-wei-shi-24.m3u8
[HD]江西卫视,https://t.freetv.fun/live/jiang-xi-wei-shi-26.m3u8
[BD]江西卫视,https://t.freetv.fun/live/jiang-xi-wei-shi-27.m3u8
[HD]江西卫视,https://t.freetv.fun/live/jiang-xi-wei-shi-29.php
[HD]江西卫视,https://t.freetv.fun/live/jiang-xi-wei-shi-30.m3u8
[HD]江西卫视,https://t.freetv.fun/live/jiang-xi-wei-shi-31.php
[BD]江西卫视,https://t.freetv.fun/live/jiang-xi-wei-shi-32.m3u8
[BD]江西卫视,https://t.freetv.fun/live/jiang-xi-wei-shi-33.m3u8
[BD]江西卫视,https://t.freetv.fun/live/jiang-xi-wei-shi-16.m3u8
[HD]江西卫视,https://t.freetv.fun/live/jiang-xi-wei-shi-28.m3u8
[BD]江西卫视,https://t.freetv.fun/live/jiang-xi-wei-shi-34.m3u8
[BD]江西卫视,https://t.freetv.fun/live/jiang-xi-wei-shi-3.m3u8
[BD]江西卫视,https://t.freetv.fun/live/jiang-xi-wei-shi-8.m3u8
[BD]江西卫视,https://t.freetv.fun/live/jiang-xi-wei-shi-9.m3u8
[BD]江西卫视,https://t.freetv.fun/live/jiang-xi-wei-shi-10.m3u8
[BD]江西卫视,https://t.freetv.fun/live/jiang-xi-wei-shi-12.m3u8
[BD]江西卫视,https://t.freetv.fun/live/jiang-xi-wei-shi-15.m3u8
[BD]江西卫视,https://t.freetv.fun/live/jiang-xi-wei-shi-17.m3u8
[SD]江西卫视,https://t.freetv.fun/live/jiang-xi-wei-shi-18.m3u8
[BD]江西卫视,https://t.freetv.fun/live/jiang-xi-wei-shi-19.m3u8
[BD]江西卫视,https://t.freetv.fun/live/jiang-xi-wei-shi-25.m3u8
[BD]河北卫视,https://t.freetv.fun/live/he-bei-wei-shi-5.m3u8
[HD]河北卫视,https://t.freetv.fun/live/he-bei-wei-shi-13.php
[HD]河北卫视,https://t.freetv.fun/live/he-bei-wei-shi-17.m3u8
[BD]河北卫视,https://t.freetv.fun/live/he-bei-wei-shi-12.m3u8
[BD]河北卫视,https://t.freetv.fun/live/he-bei-wei-shi-3.m3u8
[BD]河北卫视,https://t.freetv.fun/live/he-bei-wei-shi-10.m3u8
[SD]河北卫视,https://t.freetv.fun/live/he-bei-wei-shi-21.m3u8
[SD]河北卫视,https://t.freetv.fun/live/he-bei-wei-shi.m3u8
[BD]河北卫视,https://t.freetv.fun/live/he-bei-wei-shi-1.m3u8
[BD]河北卫视,https://t.freetv.fun/live/he-bei-wei-shi-2.m3u8
[BD]河北卫视,https://t.freetv.fun/live/he-bei-wei-shi-4.m3u8
[SD]河北卫视,https://t.freetv.fun/live/he-bei-wei-shi-6.m3u8
[HD]河北卫视,https://t.freetv.fun/live/he-bei-wei-shi-7.m3u8
[VGA]河北卫视,https://t.freetv.fun/live/he-bei-wei-shi-8.m3u8
[BD]河北卫视,https://t.freetv.fun/live/he-bei-wei-shi-9.m3u8
[BD]河北卫视,https://t.freetv.fun/live/he-bei-wei-shi-11.m3u8
[HD]河北卫视,https://t.freetv.fun/live/he-bei-wei-shi-14.m3u8
[SD]河北卫视,https://t.freetv.fun/live/he-bei-wei-shi-15.m3u8
[BD]河北卫视,https://t.freetv.fun/live/he-bei-wei-shi-16.m3u8
[HD]河北卫视,https://t.freetv.fun/live/he-bei-wei-shi-18.m3u8
[BD]河北卫视,https://t.freetv.fun/live/he-bei-wei-shi-19.m3u8
[BD]河北卫视,https://t.freetv.fun/live/he-bei-wei-shi-20.m3u8
[BD]河北卫视,https://t.freetv.fun/live/he-bei-wei-shi-22.m3u8
[HD]河北卫视,https://t.freetv.fun/live/he-bei-wei-shi-23.m3u8
[HD]河北卫视,https://t.freetv.fun/live/he-bei-wei-shi-24.m3u8
[HD]河北卫视,https://t.freetv.fun/live/he-bei-wei-shi-25.m3u8
[HD]河北卫视,https://t.freetv.fun/live/he-bei-wei-shi-26.m3u8
[HD]河北农民,https://t.freetv.fun/live/he-bei-nong-min-3.m3u8
[BD]河南卫视,https://t.freetv.fun/live/he-nan-wei-shi.m3u8
[BD]河南卫视,https://t.freetv.fun/live/he-nan-wei-shi-1.php
[VGA]河南卫视,https://t.freetv.fun/live/he-nan-wei-shi-2.m3u8
[HD]河南卫视,https://t.freetv.fun/live/he-nan-wei-shi-3.m3u8
[HD]河南卫视,https://t.freetv.fun/live/he-nan-wei-shi-9.m3u8
[SD]河南卫视,https://t.freetv.fun/live/he-nan-wei-shi-11.m3u8
[BD]河南卫视,https://t.freetv.fun/live/he-nan-wei-shi-14.m3u8
[BD]河南卫视,https://t.freetv.fun/live/he-nan-wei-shi-24.m3u8
[BD]河南卫视,https://t.freetv.fun/live/he-nan-wei-shi-25.m3u8
[BD]河南卫视,https://t.freetv.fun/live/he-nan-wei-shi-28.m3u8
[BD]河南卫视,https://t.freetv.fun/live/he-nan-wei-shi-36.m3u8
[BD]河南卫视,https://t.freetv.fun/live/he-nan-wei-shi-4.m3u8
[SD]河南卫视,https://t.freetv.fun/live/he-nan-wei-shi-5.m3u8
[SD]河南卫视,https://t.freetv.fun/live/he-nan-wei-shi-6.m3u8
[BD]河南卫视,https://t.freetv.fun/live/he-nan-wei-shi-7.m3u8
[BD]河南卫视,https://t.freetv.fun/live/he-nan-wei-shi-8.m3u8
[BD]河南卫视,https://t.freetv.fun/live/he-nan-wei-shi-10.m3u8
[BD]河南卫视,https://t.freetv.fun/live/he-nan-wei-shi-12.m3u8
[SD]河南卫视,https://t.freetv.fun/live/he-nan-wei-shi-13.m3u8
[BD]河南卫视,https://t.freetv.fun/live/he-nan-wei-shi-15.m3u8
[SD]河南卫视,https://t.freetv.fun/live/he-nan-wei-shi-16.m3u8
[BD]河南卫视,https://t.freetv.fun/live/he-nan-wei-shi-17.m3u8
[VGA]河南卫视,https://t.freetv.fun/live/he-nan-wei-shi-19.m3u8
[BD]河南卫视,https://t.freetv.fun/live/he-nan-wei-shi-20.m3u8
[SD]河南卫视,https://t.freetv.fun/live/he-nan-wei-shi-21.m3u8
[BD]河南卫视,https://t.freetv.fun/live/he-nan-wei-shi-22.m3u8
[BD]河南卫视,https://t.freetv.fun/live/he-nan-wei-shi-23.m3u8
[BD]河南卫视,https://t.freetv.fun/live/he-nan-wei-shi-26.m3u8
[BD]河南卫视,https://t.freetv.fun/live/he-nan-wei-shi-27.m3u8
[HD]河南卫视,https://t.freetv.fun/live/he-nan-wei-shi-29.m3u8
[HD]河南卫视,https://t.freetv.fun/live/he-nan-wei-shi-30.m3u8
[HD]河南卫视,https://t.freetv.fun/live/he-nan-wei-shi-31.m3u8
[SD]河南卫视,https://t.freetv.fun/live/he-nan-wei-shi-32.m3u8
[BD]河南卫视,https://t.freetv.fun/live/he-nan-wei-shi-33.m3u8
[HD]河南卫视,https://t.freetv.fun/live/he-nan-wei-shi-34.m3u8
[HD]河南卫视,https://t.freetv.fun/live/he-nan-wei-shi-35.m3u8
[BD]浙江国际,https://t.freetv.fun/live/zhe-jiang-guo-ji.m3u8
[HD]浙江国际,https://t.freetv.fun/live/zhe-jiang-guo-ji-2.m3u8
[BD]浙江国际,https://t.freetv.fun/live/zhe-jiang-guo-ji-6.m3u8
[VGA]浙江国际,https://t.freetv.fun/live/zhe-jiang-guo-ji-9.m3u8
[BD]浙江国际,https://t.freetv.fun/live/zhe-jiang-guo-ji-11.m3u8
[HD]浙江国际,https://t.freetv.fun/live/zhe-jiang-guo-ji-4.m3u8
[BD]浙江国际,https://t.freetv.fun/live/zhe-jiang-guo-ji-10.m3u8
[BD]浙江民生,https://t.freetv.fun/live/zhe-jiang-min-sheng-2.m3u8
[BD]浙江民生,https://t.freetv.fun/live/zhe-jiang-min-sheng-1.m3u8
[HD]浙江民生,https://t.freetv.fun/live/zhe-jiang-min-sheng-3.m3u8
[BD]浙江民生,https://t.freetv.fun/live/zhe-jiang-min-sheng-1-1.m3u8
[BD]浙江民生,https://t.freetv.fun/live/zhe-jiang-min-sheng-11.m3u8
[BD]浙江民生休闲,https://t.freetv.fun/live/zhe-jiang-min-sheng-xiu-xian-4.m3u8
[BD]浙江民生休闲,https://t.freetv.fun/live/zhe-jiang-min-sheng-xiu-xian.m3u8
[HD]浙江民生休闲,https://t.freetv.fun/live/zhe-jiang-min-sheng-xiu-xian-1.m3u8
[BD]浙江经济,https://t.freetv.fun/live/zhe-jiang-jing-ji.m3u8
[BD]浙江生活,https://t.freetv.fun/live/zhe-jiang-sheng-huo-1.m3u8
[BD]浙江生活,https://t.freetv.fun/live/zhe-jiang-sheng-huo-4.m3u8
[VGA]浙江经济生活,https://t.freetv.fun/live/zhe-jiang-jing-ji-sheng-huo-1.m3u8
[BD]浙江经济生活,https://t.freetv.fun/live/zhe-jiang-jing-ji-sheng-huo-2.m3u8
[BD]浙江经济生活,https://t.freetv.fun/live/zhe-jiang-jing-ji-sheng-huo-1.m3u8
[VGA]浙江经济生活,https://t.freetv.fun/live/zhe-jiang-jing-ji-sheng-huo-1-1.m3u8
[BD]浙江经济生活,https://t.freetv.fun/live/zhe-jiang-jing-ji-sheng-huo-3.m3u8
[VGA]浙江经济生活,https://t.freetv.fun/live/zhe-jiang-jing-ji-sheng-huo-4.m3u8
[BD]浙江经济生活,https://t.freetv.fun/live/zhe-jiang-jing-ji-sheng-huo-6.m3u8
[BD]浙江卫视,https://t.freetv.fun/live/zhe-jiang-wei-shi-3.m3u8
[BD]浙江卫视,https://t.freetv.fun/live/zhe-jiang-wei-shi-4.m3u8
[BD]浙江卫视,https://t.freetv.fun/live/zhe-jiang-wei-shi-5.m3u8
[BD]浙江卫视,https://t.freetv.fun/live/zhe-jiang-wei-shi-11.m3u8
[BD]浙江卫视,https://t.freetv.fun/live/zhe-jiang-wei-shi-14.m3u8
[BD]浙江卫视,https://t.freetv.fun/live/zhe-jiang-wei-shi-16.php
[BD]浙江卫视,https://t.freetv.fun/live/zhe-jiang-wei-shi-21.m3u8
[BD]浙江卫视,https://t.freetv.fun/live/zhe-jiang-wei-shi-12.m3u8
[BD]浙江卫视,https://t.freetv.fun/live/zhe-jiang-wei-shi.m3u8
[BD]浙江卫视,https://t.freetv.fun/live/zhe-jiang-wei-shi-1.m3u8
[BD]浙江卫视,https://t.freetv.fun/live/zhe-jiang-wei-shi-2.m3u8
[BD]浙江卫视,https://t.freetv.fun/live/zhe-jiang-wei-shi-29.m3u8
[HD]浙江卫视,https://t.freetv.fun/live/zhe-jiang-wei-shi-30.m3u8
[HD]浙江卫视,https://t.freetv.fun/live/zhe-jiang-wei-shi-31.m3u8
[BD]浙江卫视,https://t.freetv.fun/live/zhe-jiang-wei-shi-18.m3u8
[VGA]浙江卫视,https://t.freetv.fun/live/zhe-jiang-wei-shi-23.m3u8
[BD]浙江卫视,https://t.freetv.fun/live/zhe-jiang-wei-shi-6.m3u8
[BD]浙江卫视,https://t.freetv.fun/live/zhe-jiang-wei-shi-7.m3u8
[BD]浙江卫视,https://t.freetv.fun/live/zhe-jiang-wei-shi-8.m3u8
[BD]浙江卫视,https://t.freetv.fun/live/zhe-jiang-wei-shi-9.m3u8
[BD]浙江卫视,https://t.freetv.fun/live/zhe-jiang-wei-shi-10.m3u8
[BD]浙江卫视,https://t.freetv.fun/live/zhe-jiang-wei-shi-13.m3u8
[HD]浙江卫视,https://t.freetv.fun/live/zhe-jiang-wei-shi-15.m3u8
[SD]浙江卫视,https://t.freetv.fun/live/zhe-jiang-wei-shi-17.m3u8
[BD]浙江卫视,https://t.freetv.fun/live/zhe-jiang-wei-shi-19.php
[SD]浙江卫视,https://t.freetv.fun/live/zhe-jiang-wei-shi-20.m3u8
[SD]浙江卫视,https://t.freetv.fun/live/zhe-jiang-wei-shi-22.m3u8
[BD]浙江卫视,https://t.freetv.fun/live/zhe-jiang-wei-shi-24.m3u8
[BD]浙江卫视,https://t.freetv.fun/live/zhe-jiang-wei-shi-25.m3u8
[BD]浙江卫视,https://t.freetv.fun/live/zhe-jiang-wei-shi-26.m3u8
[BD]浙江卫视,https://t.freetv.fun/live/zhe-jiang-wei-shi-27.m3u8
[HD]浙江卫视,https://t.freetv.fun/live/zhe-jiang-wei-shi-28.m3u8
[BD]浙江钱江,https://t.freetv.fun/live/zhe-jiang-qian-jiang-2.m3u8
[HD]浙江钱江,https://t.freetv.fun/live/zhe-jiang-qian-jiang-3.m3u8
[BD]浙江钱江,https://t.freetv.fun/live/zhe-jiang-qian-jiang-1.m3u8
[VGA]浙江钱江,https://t.freetv.fun/live/zhe-jiang-qian-jiang-6.m3u8
[BD]浙江钱江都市,https://t.freetv.fun/live/zhe-jiang-qian-jiang-du-shi.m3u8
[SD]海南卫视,https://t.freetv.fun/live/hai-nan-wei-shi.m3u8
[BD]海南卫视,https://t.freetv.fun/live/hai-nan-wei-shi-1.m3u8
[SD]海南卫视,https://t.freetv.fun/live/hai-nan-wei-shi-6.m3u8
[BD]海南卫视,https://t.freetv.fun/live/hai-nan-wei-shi-8.m3u8
[BD]海南卫视,https://t.freetv.fun/live/hai-nan-wei-shi-12.m3u8
[SD]海南卫视,https://t.freetv.fun/live/hai-nan-wei-shi-5.m3u8
[BD]海南卫视,https://t.freetv.fun/live/hai-nan-wei-shi-3.m3u8
[SD]海南卫视,https://t.freetv.fun/live/hai-nan-wei-shi-73.m3u8
[BD]海南卫视,https://t.freetv.fun/live/hai-nan-wei-shi-7.m3u8
[HD]海南卫视,https://t.freetv.fun/live/hai-nan-wei-shi-2.m3u8
[SD]海南卫视,https://t.freetv.fun/live/hai-nan-wei-shi-4.m3u8
[SD]海南卫视,https://t.freetv.fun/live/hai-nan-wei-shi-9.m3u8
[SD]海南卫视,https://t.freetv.fun/live/hai-nan-wei-shi-10.m3u8
[VGA]海南卫视,https://t.freetv.fun/live/hai-nan-wei-shi-11.m3u8
[BD]海南卫视,https://t.freetv.fun/live/hai-nan-wei-shi-13.m3u8
[SD]海南卫视,https://t.freetv.fun/live/hai-nan-wei-shi-15.m3u8
[VGA]海南卫视,https://t.freetv.fun/live/hai-nan-wei-shi-16.m3u8
[SD]海南卫视,https://t.freetv.fun/live/hai-nan-wei-shi-17.m3u8
[VGA]海南卫视,https://t.freetv.fun/live/hai-nan-wei-shi-18.m3u8
[BD]海南卫视,https://t.freetv.fun/live/hai-nan-wei-shi-19.m3u8
[BD]海峡卫视,https://t.freetv.fun/live/hai-xia-wei-shi.m3u8
[BD]海峡卫视,https://t.freetv.fun/live/hai-xia-wei-shi-1.m3u8
[BD]海峡卫视,https://t.freetv.fun/live/hai-xia-wei-shi-2.m3u8
[BD]海峡卫视,https://t.freetv.fun/live/hai-xia-wei-shi-3.m3u8
[BD]海峡卫视,https://t.freetv.fun/live/hai-xia-wei-shi-5.m3u8
[HD]海峡卫视,https://t.freetv.fun/live/hai-xia-wei-shi-6.m3u8
[BD]海峡卫视,https://t.freetv.fun/live/hai-xia-wei-shi-7.m3u8
[BD]海峡卫视,https://t.freetv.fun/live/hai-xia-wei-shi-8.m3u8
[SD]深圳卫视,https://t.freetv.fun/live/shen-zhen-wei-shi-7.m3u8
[BD]深圳卫视,https://t.freetv.fun/live/shen-zhen-wei-shi-9.m3u8
[BD]深圳卫视,https://t.freetv.fun/live/shen-zhen-wei-shi-14.m3u8
[HD]深圳卫视,https://t.freetv.fun/live/shen-zhen-wei-shi-16.m3u8
[BD]深圳卫视,https://t.freetv.fun/live/shen-zhen-wei-shi-27.m3u8
[BD]深圳卫视,https://t.freetv.fun/live/shen-zhen-wei-shi-20.m3u8
[BD]深圳卫视,https://t.freetv.fun/live/shen-zhen-wei-shi-6.m3u8
[BD]深圳卫视,https://t.freetv.fun/live/shen-zhen-wei-shi-26.m3u8
[BD]深圳卫视,https://t.freetv.fun/live/shen-zhen-wei-shi-29.m3u8
[BD]深圳卫视,https://t.freetv.fun/live/shen-zhen-wei-shi-19.m3u8
[VGA]深圳卫视,https://t.freetv.fun/live/shen-zhen-wei-shi.m3u8
[BD]深圳卫视,https://t.freetv.fun/live/shen-zhen-wei-shi-1.m3u8
[BD]深圳卫视,https://t.freetv.fun/live/shen-zhen-wei-shi-2.m3u8
[BD]深圳卫视,https://t.freetv.fun/live/shen-zhen-wei-shi-3.m3u8
[BD]深圳卫视,https://t.freetv.fun/live/shen-zhen-wei-shi-4.m3u8
[BD]深圳卫视,https://t.freetv.fun/live/shen-zhen-wei-shi-5.m3u8
[BD]深圳卫视,https://t.freetv.fun/live/shen-zhen-wei-shi-8.m3u8
[BD]深圳卫视,https://t.freetv.fun/live/shen-zhen-wei-shi-10.m3u8
[BD]深圳卫视,https://t.freetv.fun/live/shen-zhen-wei-shi-11.m3u8
[BD]深圳卫视,https://t.freetv.fun/live/shen-zhen-wei-shi-12.m3u8
[BD]深圳卫视,https://t.freetv.fun/live/shen-zhen-wei-shi-13.m3u8
[BD]深圳卫视,https://t.freetv.fun/live/shen-zhen-wei-shi-15.m3u8
[BD]深圳卫视,https://t.freetv.fun/live/shen-zhen-wei-shi-17.m3u8
[BD]深圳卫视,https://t.freetv.fun/live/shen-zhen-wei-shi-18.m3u8
[BD]深圳卫视,https://t.freetv.fun/live/shen-zhen-wei-shi-21.m3u8
[SD]深圳卫视,https://t.freetv.fun/live/shen-zhen-wei-shi-22.m3u8
[BD]深圳卫视,https://t.freetv.fun/live/shen-zhen-wei-shi-23.m3u8
[BD]深圳卫视,https://t.freetv.fun/live/shen-zhen-wei-shi-24.m3u8
[BD]深圳卫视,https://t.freetv.fun/live/shen-zhen-wei-shi-25.m3u8
[BD]深圳卫视,https://t.freetv.fun/live/shen-zhen-wei-shi-28.m3u8
[BD]深圳卫视,https://t.freetv.fun/live/shen-zhen-wei-shi-30.m3u8
[BD]深圳卫视,https://t.freetv.fun/live/shen-zhen-wei-shi-31.m3u8
[BD]深圳卫视,https://t.freetv.fun/live/shen-zhen-wei-shi-32.php
[BD]深圳卫视,https://t.freetv.fun/live/shen-zhen-wei-shi-33.m3u8
[BD]深圳卫视,https://t.freetv.fun/live/shen-zhen-wei-shi-34.m3u8
[BD]深圳卫视,https://t.freetv.fun/live/shen-zhen-wei-shi-35.m3u8
[BD]深圳都市,https://t.freetv.fun/live/shen-zhen-du-shi.m3u8
[BD]湖北卫视,https://t.freetv.fun/live/hu-bei-wei-shi-2.m3u8
[BD]湖北卫视,https://t.freetv.fun/live/hu-bei-wei-shi-3.m3u8
[BD]湖北卫视,https://t.freetv.fun/live/hu-bei-wei-shi-6.m3u8
[BD]湖北卫视,https://t.freetv.fun/live/hu-bei-wei-shi-8.m3u8
[BD]湖北卫视,https://t.freetv.fun/live/hu-bei-wei-shi-10.m3u8
[BD]湖北卫视,https://t.freetv.fun/live/hu-bei-wei-shi-15.m3u8
[HD]湖北卫视,https://t.freetv.fun/live/hu-bei-wei-shi-16.m3u8
[BD]湖北卫视,https://t.freetv.fun/live/hu-bei-wei-shi-17.m3u8
[HD]湖北卫视,https://t.freetv.fun/live/hu-bei-wei-shi-18.m3u8
[BD]湖北卫视,https://t.freetv.fun/live/hu-bei-wei-shi.m3u8
[HD]湖北卫视,https://t.freetv.fun/live/hu-bei-wei-shi-7.m3u8
[BD]湖北卫视,https://t.freetv.fun/live/hu-bei-wei-shi-1.m3u8
[BD]湖北卫视,https://t.freetv.fun/live/hu-bei-wei-shi-13.m3u8
[HD]湖北卫视,https://t.freetv.fun/live/hu-bei-wei-shi-4.m3u8
[HD]湖北卫视,https://t.freetv.fun/live/hu-bei-wei-shi-5.php
[BD]湖北卫视,https://t.freetv.fun/live/hu-bei-wei-shi-9.m3u8
[SD]湖北卫视,https://t.freetv.fun/live/hu-bei-wei-shi-11.m3u8
[BD]湖北卫视,https://t.freetv.fun/live/hu-bei-wei-shi-12.m3u8
[BD]湖北卫视,https://t.freetv.fun/live/hu-bei-wei-shi-14.m3u8
[SD]湖北卫视,https://t.freetv.fun/live/hu-bei-wei-shi-19.m3u8
[BD]湖北卫视,https://t.freetv.fun/live/hu-bei-wei-shi-20.m3u8
[BD]湖北卫视,https://t.freetv.fun/live/hu-bei-wei-shi-21.m3u8
[BD]湖北卫视,https://t.freetv.fun/live/hu-bei-wei-shi-22.m3u8
[BD]湖北卫视,https://t.freetv.fun/live/hu-bei-wei-shi-23.m3u8
[BD]湖北卫视,https://t.freetv.fun/live/hu-bei-wei-shi-24.m3u8
[BD]湖北卫视,https://t.freetv.fun/live/hu-bei-wei-shi-25.m3u8
[BD]湖北卫视,https://t.freetv.fun/live/hu-bei-wei-shi-26.m3u8
[BD]湖北卫视,https://t.freetv.fun/live/hu-bei-wei-shi-27.m3u8
[HD]湖北卫视,https://t.freetv.fun/live/hu-bei-wei-shi-28.m3u8
[BD]湖北卫视,https://t.freetv.fun/live/hu-bei-wei-shi-29.m3u8
[VGA]湖南国际,https://t.freetv.fun/live/hu-nan-guo-ji.m3u8
[VGA]湖南经视,https://t.freetv.fun/live/hu-nan-jing-shi.m3u8
[VGA]湖南都市,https://t.freetv.fun/live/hu-nan-du-shi.m3u8
[BD]潮州综合高清,https://t.freetv.fun/live/chao-zhou-zong-he-gao-qing.m3u8
[BD]潮州综合高清,https://t.freetv.fun/live/chao-zhou-zong-he-gao-qing-1.m3u8
[BD]潮州综合高清,https://t.freetv.fun/live/chao-zhou-zong-he-gao-qing-2.m3u8
[BD]潮州综合高清,https://t.freetv.fun/live/chao-zhou-zong-he-gao-qing-3.m3u8
[BD]潮州综合高清,https://t.freetv.fun/live/chao-zhou-zong-he-gao-qing-4.m3u8
[BD]潮州综合高清,https://t.freetv.fun/live/chao-zhou-zong-he-gao-qing-5.m3u8
[BD]潮州综合高清,https://t.freetv.fun/live/chao-zhou-zong-he-gao-qing-6.m3u8
[BD]潮州综合高清,https://t.freetv.fun/live/chao-zhou-zong-he-gao-qing-7.m3u8
[BD]潮州综合高清,https://t.freetv.fun/live/chao-zhou-zong-he-gao-qing-8.m3u8
[BD]潮州综合高清,https://t.freetv.fun/live/chao-zhou-zong-he-gao-qing-9.m3u8
[BD]潮州综合高清,https://t.freetv.fun/live/chao-zhou-zong-he-gao-qing-10.m3u8
[BD]潮州综合高清,https://t.freetv.fun/live/chao-zhou-zong-he-gao-qing-11.m3u8
[BD]潮州综合高清,https://t.freetv.fun/live/chao-zhou-zong-he-gao-qing-12.m3u8
[BD]潮州综合高清,https://t.freetv.fun/live/chao-zhou-zong-he-gao-qing-13.m3u8
[BD]潮州综合高清,https://t.freetv.fun/live/chao-zhou-zong-he-gao-qing-14.m3u8
[BD]潮州综合高清,https://t.freetv.fun/live/chao-zhou-zong-he-gao-qing-15.m3u8
[BD]甘肃卫视,https://t.freetv.fun/live/gan-su-wei-shi-1.m3u8
[BD]甘肃卫视,https://t.freetv.fun/live/gan-su-wei-shi-9.m3u8
[BD]甘肃卫视,https://t.freetv.fun/live/gan-su-wei-shi.m3u8
[BD]甘肃卫视,https://t.freetv.fun/live/gan-su-wei-shi-6.m3u8
[BD]甘肃卫视,https://t.freetv.fun/live/gan-su-wei-shi-12.m3u8
[SD]甘肃卫视,https://t.freetv.fun/live/gan-su-wei-shi-14.m3u8
[SD]甘肃卫视,https://t.freetv.fun/live/gan-su-wei-shi-18.m3u8
[SD]甘肃卫视,https://t.freetv.fun/live/gan-su-wei-shi-5.m3u8
[BD]甘肃卫视,https://t.freetv.fun/live/gan-su-wei-shi-2.m3u8
[BD]甘肃卫视,https://t.freetv.fun/live/gan-su-wei-shi-3.m3u8
[SD]甘肃卫视,https://t.freetv.fun/live/gan-su-wei-shi-4.m3u8
[BD]甘肃卫视,https://t.freetv.fun/live/gan-su-wei-shi-7.m3u8
[BD]甘肃卫视,https://t.freetv.fun/live/gan-su-wei-shi-8.m3u8
[SD]甘肃卫视,https://t.freetv.fun/live/gan-su-wei-shi-10.m3u8
[SD]甘肃卫视,https://t.freetv.fun/live/gan-su-wei-shi-11.m3u8
[BD]甘肃卫视,https://t.freetv.fun/live/gan-su-wei-shi-13.m3u8
[BD]甘肃卫视,https://t.freetv.fun/live/gan-su-wei-shi-15.m3u8
[BD]甘肃卫视,https://t.freetv.fun/live/gan-su-wei-shi-16.m3u8
[BD]甘肃卫视,https://t.freetv.fun/live/gan-su-wei-shi-17.m3u8
[HD]甘肃卫视,https://t.freetv.fun/live/gan-su-wei-shi-19.m3u8
[HD]甘肃卫视,https://t.freetv.fun/live/gan-su-wei-shi-20.m3u8
[HD]甘肃卫视,https://t.freetv.fun/live/gan-su-wei-shi-21.m3u8
[HD]甘肃卫视,https://t.freetv.fun/live/gan-su-wei-shi-22.m3u8
[HD]生活时尚,https://t.freetv.fun/live/sheng-huo-shi-shang-1.m3u8
[HD]生活时尚,https://t.freetv.fun/live/sheng-huo-shi-shang.m3u8
[HD]生活时尚,https://t.freetv.fun/live/sheng-huo-shi-shang-2.m3u8
[BD]生活时尚,https://t.freetv.fun/live/sheng-huo-shi-shang-3.m3u8
[HD]眉山丹棱综合,https://t.freetv.fun/live/mei-shan-dan-leng-zong-he.m3u8
[SD]西藏卫视,https://t.freetv.fun/live/xi-cang-wei-shi-5.m3u8
[SD]西藏卫视,https://t.freetv.fun/live/xi-cang-wei-shi-6.m3u8
[BD]西藏卫视,https://t.freetv.fun/live/xi-cang-wei-shi-10.m3u8
[BD]西藏卫视,https://t.freetv.fun/live/xi-cang-wei-shi-2.m3u8
[BD]西藏卫视,https://t.freetv.fun/live/xi-cang-wei-shi-4.m3u8
[SD]西藏卫视,https://t.freetv.fun/live/xi-cang-wei-shi-7.m3u8
[BD]西藏卫视,https://t.freetv.fun/live/xi-cang-wei-shi-12.m3u8
[BD]西藏卫视,https://t.freetv.fun/live/xi-cang-wei-shi-11.m3u8
[SD]西藏卫视,https://t.freetv.fun/live/xi-cang-wei-shi.m3u8
[BD]西藏卫视,https://t.freetv.fun/live/xi-cang-wei-shi-1.m3u8
[BD]西藏卫视,https://t.freetv.fun/live/xi-cang-wei-shi-3.m3u8
[SD]西藏卫视,https://t.freetv.fun/live/xi-cang-wei-shi-8.m3u8
[BD]西藏卫视,https://t.freetv.fun/live/xi-cang-wei-shi-9.m3u8
[BD]西藏卫视,https://t.freetv.fun/live/xi-cang-wei-shi-13.m3u8
[BD]西藏卫视,https://t.freetv.fun/live/xi-cang-wei-shi-15.m3u8
[BD]贵州卫视,https://t.freetv.fun/live/gui-zhou-wei-shi-1.m3u8
[BD]贵州卫视,https://t.freetv.fun/live/gui-zhou-wei-shi-2.m3u8
[BD]贵州卫视,https://t.freetv.fun/live/gui-zhou-wei-shi-3.m3u8
[BD]贵州卫视,https://t.freetv.fun/live/gui-zhou-wei-shi-4.m3u8
[BD]贵州卫视,https://t.freetv.fun/live/gui-zhou-wei-shi-5.m3u8
[BD]贵州卫视,https://t.freetv.fun/live/gui-zhou-wei-shi-18.php
[BD]贵州卫视,https://t.freetv.fun/live/gui-zhou-wei-shi-16.m3u8
[BD]贵州卫视,https://t.freetv.fun/live/gui-zhou-wei-shi-27.m3u8
[BD]贵州卫视,https://t.freetv.fun/live/gui-zhou-wei-shi.m3u8
[BD]贵州卫视,https://t.freetv.fun/live/gui-zhou-wei-shi-6.php
[SD]贵州卫视,https://t.freetv.fun/live/gui-zhou-wei-shi-7.m3u8
[BD]贵州卫视,https://t.freetv.fun/live/gui-zhou-wei-shi-8.m3u8
[BD]贵州卫视,https://t.freetv.fun/live/gui-zhou-wei-shi-9.m3u8
[SD]贵州卫视,https://t.freetv.fun/live/gui-zhou-wei-shi-10.m3u8
[SD]贵州卫视,https://t.freetv.fun/live/gui-zhou-wei-shi-11.m3u8
[BD]贵州卫视,https://t.freetv.fun/live/gui-zhou-wei-shi-12.m3u8
[SD]贵州卫视,https://t.freetv.fun/live/gui-zhou-wei-shi-13.m3u8
[BD]贵州卫视,https://t.freetv.fun/live/gui-zhou-wei-shi-14.m3u8
[SD]贵州卫视,https://t.freetv.fun/live/gui-zhou-wei-shi-15.m3u8
[SD]贵州卫视,https://t.freetv.fun/live/gui-zhou-wei-shi-17.m3u8
[BD]贵州卫视,https://t.freetv.fun/live/gui-zhou-wei-shi-19.m3u8
[SD]贵州卫视,https://t.freetv.fun/live/gui-zhou-wei-shi-20.m3u8
[HD]贵州卫视,https://t.freetv.fun/live/gui-zhou-wei-shi-21.m3u8
[BD]贵州卫视,https://t.freetv.fun/live/gui-zhou-wei-shi-22.m3u8
[BD]贵州卫视,https://t.freetv.fun/live/gui-zhou-wei-shi-23.m3u8
[SD]贵州卫视,https://t.freetv.fun/live/gui-zhou-wei-shi-28.m3u8
[BD]贵州卫视,https://t.freetv.fun/live/gui-zhou-wei-shi-29.m3u8
[BD]农林卫视,https://t.freetv.fun/live/nong-lin-wei-shi-1.m3u8
[SD]农林卫视,https://t.freetv.fun/live/nong-lin-wei-shi.m3u8
[HD]中国农林卫视,https://t.freetv.fun/live/zhong-guo-nong-lin-wei-shi.m3u8
[HD]中国农林卫视,https://t.freetv.fun/live/zhong-guo-nong-lin-wei-shi-2.m3u8
[BD]辽宁公共,https://t.freetv.fun/live/liao-zhu-gong-gong.m3u8
[BD]辽宁北方,https://t.freetv.fun/live/liao-zhu-bei-fang.m3u8
[BD]辽宁生活,https://t.freetv.fun/live/liao-zhu-sheng-huo.m3u8
[BD]辽宁卫视,https://t.freetv.fun/live/liao-zhu-wei-shi.m3u8
[BD]辽宁卫视,https://t.freetv.fun/live/liao-zhu-wei-shi-1.m3u8
[HD]辽宁卫视,https://t.freetv.fun/live/liao-zhu-wei-shi-2.m3u8
[HD]辽宁卫视,https://t.freetv.fun/live/liao-zhu-wei-shi-7.m3u8
[BD]辽宁卫视,https://t.freetv.fun/live/liao-zhu-wei-shi-9.m3u8
[BD]辽宁卫视,https://t.freetv.fun/live/liao-zhu-wei-shi-12.m3u8
[BD]辽宁卫视,https://t.freetv.fun/live/liao-zhu-wei-shi-14.m3u8
[BD]辽宁卫视,https://t.freetv.fun/live/liao-zhu-wei-shi-16.m3u8
[BD]辽宁卫视,https://t.freetv.fun/live/liao-zhu-wei-shi-13.m3u8
[BD]辽宁卫视,https://t.freetv.fun/live/liao-zhu-wei-shi-19.m3u8
[VGA]辽宁卫视,https://t.freetv.fun/live/liao-zhu-wei-shi-3.m3u8
[BD]辽宁卫视,https://t.freetv.fun/live/liao-zhu-wei-shi-5.m3u8
[BD]辽宁卫视,https://t.freetv.fun/live/liao-zhu-wei-shi-15.m3u8
[BD]辽宁卫视,https://t.freetv.fun/live/liao-zhu-wei-shi-4.m3u8
[BD]辽宁卫视,https://t.freetv.fun/live/liao-zhu-wei-shi-6.m3u8
[BD]辽宁卫视,https://t.freetv.fun/live/liao-zhu-wei-shi-8.m3u8
[BD]辽宁卫视,https://t.freetv.fun/live/liao-zhu-wei-shi-10.m3u8
[SD]辽宁卫视,https://t.freetv.fun/live/liao-zhu-wei-shi-11.m3u8
[BD]辽宁卫视,https://t.freetv.fun/live/liao-zhu-wei-shi-17.m3u8
[HD]辽宁卫视,https://t.freetv.fun/live/liao-zhu-wei-shi-18.m3u8
[HD]辽宁卫视,https://t.freetv.fun/live/liao-zhu-wei-shi-21.m3u8
[HD]辽宁卫视,https://t.freetv.fun/live/liao-zhu-wei-shi-22.m3u8
[BD]辽宁卫视,https://t.freetv.fun/live/liao-zhu-wei-shi-23.m3u8
[BD]辽宁卫视,https://t.freetv.fun/live/liao-zhu-wei-shi-24.m3u8
[BD]辽宁卫视,https://t.freetv.fun/live/liao-zhu-wei-shi-25.m3u8
[BD]辽宁卫视,https://t.freetv.fun/live/liao-zhu-wei-shi-26.m3u8
[BD]辽宁卫视,https://t.freetv.fun/live/liao-zhu-wei-shi-27.m3u8
[BD]辽宁都市,https://t.freetv.fun/live/liao-zhu-du-shi.m3u8
[HD]邢台综合,https://t.freetv.fun/live/xing-tai-zong-he.m3u8
[BD]重庆卫视,https://t.freetv.fun/live/zhong-qing-wei-shi-1.m3u8
[BD]重庆卫视,https://t.freetv.fun/live/zhong-qing-wei-shi-4.m3u8
[BD]重庆卫视,https://t.freetv.fun/live/zhong-qing-wei-shi-11.m3u8
[SD]重庆卫视,https://t.freetv.fun/live/zhong-qing-wei-shi-17.m3u8
[VGA]重庆卫视,https://t.freetv.fun/live/zhong-qing-wei-shi.m3u8
[BD]重庆卫视,https://t.freetv.fun/live/zhong-qing-wei-shi-10.m3u8
[HD]重庆卫视,https://t.freetv.fun/live/zhong-qing-wei-shi-25.php
[BD]重庆卫视,https://t.freetv.fun/live/zhong-qing-wei-shi-21.m3u8
[BD]重庆卫视,https://t.freetv.fun/live/zhong-qing-wei-shi-2.m3u8
[SD]重庆卫视,https://t.freetv.fun/live/zhong-qing-wei-shi-3.m3u8
[SD]重庆卫视,https://t.freetv.fun/live/zhong-qing-wei-shi-5.m3u8
[BD]重庆卫视,https://t.freetv.fun/live/zhong-qing-wei-shi-6.m3u8
[BD]重庆卫视,https://t.freetv.fun/live/zhong-qing-wei-shi-7.m3u8
[BD]重庆卫视,https://t.freetv.fun/live/zhong-qing-wei-shi-8.m3u8
[SD]重庆卫视,https://t.freetv.fun/live/zhong-qing-wei-shi-9.m3u8
[BD]重庆卫视,https://t.freetv.fun/live/zhong-qing-wei-shi-12.m3u8
[BD]重庆卫视,https://t.freetv.fun/live/zhong-qing-wei-shi-13.m3u8
[SD]重庆卫视,https://t.freetv.fun/live/zhong-qing-wei-shi-14.m3u8
[BD]重庆卫视,https://t.freetv.fun/live/zhong-qing-wei-shi-15.m3u8
[SD]重庆卫视,https://t.freetv.fun/live/zhong-qing-wei-shi-18.m3u8
[BD]重庆卫视,https://t.freetv.fun/live/zhong-qing-wei-shi-19.m3u8
[VGA]重庆卫视,https://t.freetv.fun/live/zhong-qing-wei-shi-20.m3u8
[BD]重庆卫视,https://t.freetv.fun/live/zhong-qing-wei-shi-22.m3u8
[BD]重庆卫视,https://t.freetv.fun/live/zhong-qing-wei-shi-23.m3u8
[BD]重庆卫视,https://t.freetv.fun/live/zhong-qing-wei-shi-24.m3u8
[HD]重庆卫视,https://t.freetv.fun/live/zhong-qing-wei-shi-26.m3u8
[BD]重庆卫视,https://t.freetv.fun/live/zhong-qing-wei-shi-27.m3u8
[VGA]重庆卫视,https://t.freetv.fun/live/zhong-qing-wei-shi-28.m3u8
[SD]长春双阳综合,https://t.freetv.fun/live/chang-chun-shuang-yang-zong-he.m3u8
[BD]陕西卫视,https://t.freetv.fun/live/shan-xi-wei-shi.m3u8
[BD]陕西卫视,https://t.freetv.fun/live/shan-xi-wei-shi-6.m3u8
[BD]陕西卫视,https://t.freetv.fun/live/shan-xi-wei-shi-7.m3u8
[BD]陕西卫视,https://t.freetv.fun/live/shan-xi-wei-shi-8.m3u8
[HD]陕西卫视,https://t.freetv.fun/live/shan-xi-wei-shi-1-1.m3u8
[BD]陕西卫视,https://t.freetv.fun/live/shan-xi-wei-shi-2.m3u8
[BD]陕西卫视,https://t.freetv.fun/live/shan-xi-wei-shi-9-1.m3u8
[BD]陕西卫视,https://t.freetv.fun/live/shan-xi-wei-shi-17.m3u8
[BD]陕西卫视,https://t.freetv.fun/live/shan-xi-wei-shi-20-1.m3u8
[BD]陕西卫视,https://t.freetv.fun/live/shan-xi-wei-shi-3-1.m3u8
[SD]陕西卫视,https://t.freetv.fun/live/shan-xi-wei-shi-4.m3u8
[BD]陕西卫视,https://t.freetv.fun/live/shan-xi-wei-shi-5-1.m3u8
[HD]陕西卫视,https://t.freetv.fun/live/shan-xi-wei-shi-10-1.m3u8
[BD]陕西卫视,https://t.freetv.fun/live/shan-xi-wei-shi-11-1.m3u8
[HD]陕西卫视,https://t.freetv.fun/live/shan-xi-wei-shi-12-1.php
[HD]陕西卫视,https://t.freetv.fun/live/shan-xi-wei-shi-13-1.m3u8
[BD]陕西卫视,https://t.freetv.fun/live/shan-xi-wei-shi-14-1.m3u8
[BD]陕西卫视,https://t.freetv.fun/live/shan-xi-wei-shi-15-1.m3u8
[BD]陕西卫视,https://t.freetv.fun/live/shan-xi-wei-shi-16.m3u8
[BD]陕西卫视,https://t.freetv.fun/live/shan-xi-wei-shi-18.m3u8
[BD]陕西卫视,https://t.freetv.fun/live/shan-xi-wei-shi-19.m3u8
[BD]陕西卫视,https://t.freetv.fun/live/shan-xi-wei-shi-21.m3u8
[SD]陕西都市青春,https://t.freetv.fun/live/shan-xi-du-shi-qing-chun.m3u8
[HD]陕西都市青春,https://t.freetv.fun/live/shan-xi-du-shi-qing-chun-1.m3u8
[HD]黑龙江文体,https://t.freetv.fun/live/hei-long-jiang-wen-ti-1.m3u8
[BD]黑龙江卫视,https://t.freetv.fun/live/hei-long-jiang-wei-shi-2.m3u8
[BD]黑龙江卫视,https://t.freetv.fun/live/hei-long-jiang-wei-shi-9.m3u8
[BD]黑龙江卫视,https://t.freetv.fun/live/hei-long-jiang-wei-shi-11.m3u8
[HD]黑龙江卫视,https://t.freetv.fun/live/hei-long-jiang-wei-shi-3.m3u8
[BD]黑龙江卫视,https://t.freetv.fun/live/hei-long-jiang-wei-shi-4.m3u8
[BD]黑龙江卫视,https://t.freetv.fun/live/hei-long-jiang-wei-shi-6.m3u8
[BD]黑龙江卫视,https://t.freetv.fun/live/hei-long-jiang-wei-shi-7.m3u8
[BD]黑龙江卫视,https://t.freetv.fun/live/hei-long-jiang-wei-shi.m3u8
[BD]黑龙江卫视,https://t.freetv.fun/live/hei-long-jiang-wei-shi-5.m3u8
[BD]黑龙江卫视,https://t.freetv.fun/live/hei-long-jiang-wei-shi-12.m3u8
[BD]黑龙江卫视,https://t.freetv.fun/live/hei-long-jiang-wei-shi-16.m3u8
[BD]黑龙江卫视,https://t.freetv.fun/live/hei-long-jiang-wei-shi-17.m3u8
[BD]黑龙江卫视,https://t.freetv.fun/live/hei-long-jiang-wei-shi-18.m3u8
[BD]黑龙江卫视,https://t.freetv.fun/live/hei-long-jiang-wei-shi-1.m3u8
[BD]黑龙江卫视,https://t.freetv.fun/live/hei-long-jiang-wei-shi-8.m3u8
[BD]黑龙江卫视,https://t.freetv.fun/live/hei-long-jiang-wei-shi-10.m3u8
[BD]黑龙江卫视,https://t.freetv.fun/live/hei-long-jiang-wei-shi-13.m3u8
[BD]黑龙江卫视,https://t.freetv.fun/live/hei-long-jiang-wei-shi-14.m3u8
[HD]黑龙江卫视,https://t.freetv.fun/live/hei-long-jiang-wei-shi-15.m3u8
[BD]黑龙江卫视,https://t.freetv.fun/live/hei-long-jiang-wei-shi-19.m3u8
[BD]黑龙江视,https://t.freetv.fun/live/hei-long-jiang-shi.php
[SD]黑龙江都市,https://t.freetv.fun/live/hei-long-jiang-du-shi-3.m3u8
[BD]cctv-14少儿,https://t.freetv.fun/live/cctv-14shao-er.m3u8
[HD]cctv14少儿,https://t.freetv.fun/live/cctv14shao-er.m3u8
[HD]cctv14少儿,https://t.freetv.fun/live/cctv14shao-er-2.m3u8
[BD]cctv14-少儿,https://t.freetv.fun/live/cctv14-shao-er-1.m3u8
[SD]cctv-14少儿,https://t.freetv.fun/live/cctv-14shao-er-1.m3u8
[SD]cctv-14少儿,https://t.freetv.fun/live/cctv-14shao-er-2.m3u8
[SD]cctv-14少儿,https://t.freetv.fun/live/cctv-14shao-er-3.m3u8
[SD]cctv-14少儿,https://t.freetv.fun/live/cctv-14shao-er-4.m3u8
[SD]cctv-14少儿,https://t.freetv.fun/live/cctv-14shao-er-5.m3u8
[BD]cctv-14少儿,https://t.freetv.fun/live/cctv-14shao-er-6.m3u8
[BD]cctv-14少儿,https://t.freetv.fun/live/cctv-14shao-er-7.m3u8
[HD]cctv-14少儿,https://t.freetv.fun/live/cctv-14shao-er-8.m3u8
[SD]cctv-14少儿,https://t.freetv.fun/live/cctv-14shao-er-9.m3u8
[BD]cctv-14少儿,https://t.freetv.fun/live/cctv-14shao-er-10.m3u8
[BD]cctv-14少儿,https://t.freetv.fun/live/cctv-14shao-er-11.m3u8
[VGA]cctv14-少儿,https://t.freetv.fun/live/cctv14-shao-er-4.m3u8
[VGA]优漫卡通,https://t.freetv.fun/live/you-man-qia-tong-1.m3u8
[SD]优漫卡通,https://t.freetv.fun/live/you-man-qia-tong-2.m3u8
[SD]优漫卡通,https://t.freetv.fun/live/you-man-qia-tong-4.m3u8
[SD]优漫卡通,https://t.freetv.fun/live/you-man-qia-tong.m3u8
[SD]优漫卡通,https://t.freetv.fun/live/you-man-qia-tong-3.m3u8
[HD]优漫卡通,https://t.freetv.fun/live/you-man-qia-tong-5.m3u8
[BD]动漫秀场,https://t.freetv.fun/live/dong-man-xiu-chang.m3u8
[BD]动漫秀场,https://t.freetv.fun/live/dong-man-xiu-chang-3.m3u8
[BD]动漫秀场,https://t.freetv.fun/live/dong-man-xiu-chang-9.m3u8
[SD]动漫秀场,https://t.freetv.fun/live/dong-man-xiu-chang-1.m3u8
[SD]动漫秀场,https://t.freetv.fun/live/dong-man-xiu-chang-2.m3u8
[HD]动漫秀场,https://t.freetv.fun/live/dong-man-xiu-chang-4.m3u8
[HD]哈哈炫动,https://t.freetv.fun/live/ha-ha-xuan-dong.m3u8
[HD]哈哈炫动,https://t.freetv.fun/live/ha-ha-xuan-dong-1.m3u8
[SD]哈哈炫动,https://t.freetv.fun/live/ha-ha-xuan-dong-2.m3u8
[BD]哈哈炫动,https://t.freetv.fun/live/ha-ha-xuan-dong-3.m3u8
[HD]哈哈炫动,https://t.freetv.fun/live/ha-ha-xuan-dong-4.m3u8
[SD]哈哈炫动,https://t.freetv.fun/live/ha-ha-xuan-dong-5.m3u8
[SD]哈哈炫动,https://t.freetv.fun/live/ha-ha-xuan-dong-7.m3u8
[SD]嘉佳卡通,https://t.freetv.fun/live/jia-jia-qia-tong.m3u8
[SD]嘉佳卡通,https://t.freetv.fun/live/jia-jia-qia-tong-2.m3u8
[SD]嘉佳卡通,https://t.freetv.fun/live/jia-jia-qia-tong-8.m3u8
[SD]嘉佳卡通,https://t.freetv.fun/live/jia-jia-qia-tong-1.m3u8
[SD]嘉佳卡通,https://t.freetv.fun/live/jia-jia-qia-tong-3.m3u8
[SD]嘉佳卡通,https://t.freetv.fun/live/jia-jia-qia-tong-4.m3u8
[SD]嘉佳卡通,https://t.freetv.fun/live/jia-jia-qia-tong-5.m3u8
[SD]嘉佳卡通,https://t.freetv.fun/live/jia-jia-qia-tong-6.m3u8
[VGA]嘉佳卡通,https://t.freetv.fun/live/jia-jia-qia-tong-7.m3u8
[HD]嘉佳卡通,https://t.freetv.fun/live/jia-jia-qia-tong-9.m3u8
[HD]广东少儿,https://t.freetv.fun/live/yan-dong-shao-er.m3u8
[HD]广东少儿,https://t.freetv.fun/live/yan-dong-shao-er-1.m3u8
[BD]广东少儿,https://t.freetv.fun/live/yan-dong-shao-er-2.m3u8
[BD]广东少儿,https://t.freetv.fun/live/yan-dong-shao-er-3.m3u8
[BD]广东少儿,https://t.freetv.fun/live/yan-dong-shao-er-4.m3u8
[HD]广东少儿,https://t.freetv.fun/live/yan-dong-shao-er-6.m3u8
[BD]广东少儿高清,https://t.freetv.fun/live/yan-dong-shao-er-gao-qing-24.m3u8
[BD]广东少儿高清,https://t.freetv.fun/live/yan-dong-shao-er-gao-qing-27.m3u8
[BD]广东少儿高清,https://t.freetv.fun/live/yan-dong-shao-er-gao-qing.m3u8
[BD]广东少儿高清,https://t.freetv.fun/live/yan-dong-shao-er-gao-qing-1.m3u8
[BD]广东少儿高清,https://t.freetv.fun/live/yan-dong-shao-er-gao-qing-2.m3u8
[BD]广东少儿高清,https://t.freetv.fun/live/yan-dong-shao-er-gao-qing-3.m3u8
[BD]广东少儿高清,https://t.freetv.fun/live/yan-dong-shao-er-gao-qing-4.m3u8
[BD]广东少儿高清,https://t.freetv.fun/live/yan-dong-shao-er-gao-qing-5.m3u8
[BD]广东少儿高清,https://t.freetv.fun/live/yan-dong-shao-er-gao-qing-6.m3u8
[BD]广东少儿高清,https://t.freetv.fun/live/yan-dong-shao-er-gao-qing-7.m3u8
[BD]广东少儿高清,https://t.freetv.fun/live/yan-dong-shao-er-gao-qing-8.m3u8
[BD]广东少儿高清,https://t.freetv.fun/live/yan-dong-shao-er-gao-qing-9.m3u8
[BD]广东少儿高清,https://t.freetv.fun/live/yan-dong-shao-er-gao-qing-10.m3u8
[BD]广东少儿高清,https://t.freetv.fun/live/yan-dong-shao-er-gao-qing-11.m3u8
[BD]广东少儿高清,https://t.freetv.fun/live/yan-dong-shao-er-gao-qing-12.m3u8
[BD]广东少儿高清,https://t.freetv.fun/live/yan-dong-shao-er-gao-qing-13.m3u8
[HD]江西少儿家庭,https://t.freetv.fun/live/jiang-xi-shao-er-jia-ting.m3u8
[HD]江西少儿家庭,https://t.freetv.fun/live/jiang-xi-shao-er-jia-ting-1.m3u8
[HD]江西少儿家庭,https://t.freetv.fun/live/jiang-xi-shao-er-jia-ting-2.m3u8
[BD]浙江少儿,https://t.freetv.fun/live/zhe-jiang-shao-er-1.m3u8
[VGA]浙江少儿,https://t.freetv.fun/live/zhe-jiang-shao-er-6.m3u8
[SD]海绵宝宝,https://t.freetv.fun/live/hai-mian-bao-bao.m3u8
[SD]金鹰卡通,https://t.freetv.fun/live/jin-ying-qia-tong.m3u8
[SD]金鹰卡通,https://t.freetv.fun/live/jin-ying-qia-tong-1.m3u8
[VGA]金鹰卡通,https://t.freetv.fun/live/jin-ying-qia-tong-2.m3u8
[SD]金鹰卡通,https://t.freetv.fun/live/jin-ying-qia-tong-4.m3u8
[BD]金鹰卡通,https://t.freetv.fun/live/jin-ying-qia-tong-5.m3u8
[HD]金鹰卡通,https://t.freetv.fun/live/jin-ying-qia-tong-9.m3u8
[HD]金鹰卡通,https://t.freetv.fun/live/jin-ying-qia-tong-10.m3u8
[BD]金鹰卡通,https://t.freetv.fun/live/jin-ying-qia-tong-12.m3u8
[SD]金鹰卡通,https://t.freetv.fun/live/jin-ying-qia-tong-3.m3u8
[SD]金鹰卡通,https://t.freetv.fun/live/jin-ying-qia-tong-6.m3u8
[SD]金鹰卡通,https://t.freetv.fun/live/jin-ying-qia-tong-7.m3u8
[BD]金鹰卡通,https://t.freetv.fun/live/jin-ying-qia-tong-8.m3u8
[HD]金鹰卡通,https://t.freetv.fun/live/jin-ying-qia-tong-11.m3u8
[SD]黑龙江少儿,https://t.freetv.fun/live/hei-long-jiang-shao-er-1.m3u8
[BD]documentary plus,https://t.freetv.fun/live/documentary-plus-1.m3u8
[HD]cctv9纪录,https://t.freetv.fun/live/cctv9ji-lu.m3u8
[HD]cctv9纪录,https://t.freetv.fun/live/cctv9ji-lu-2.m3u8
[BD]cgtn documentary,https://t.freetv.fun/live/cgtn-documentary.m3u8
[BD]cgtn documentary,https://t.freetv.fun/live/cgtn-documentary-1.m3u8
[BD]cgtn documentary,https://t.freetv.fun/live/cgtn-documentary-2.m3u8
[SD]rt documentary,https://t.freetv.fun/live/rt-documentary.m3u8
[BD]documentary plus,https://t.freetv.fun/live/documentary-plus.m3u8
[SD]cgtn documentary (1080p),https://t.freetv.fun/live/cgtn-documentary-1080p.m3u8
[BD]金鹰纪实,https://t.freetv.fun/live/jin-ying-ji-shi.m3u8
[VGA]金鹰纪实,https://t.freetv.fun/live/jin-ying-ji-shi-1.m3u8
[BD]金鹰纪实,https://t.freetv.fun/live/jin-ying-ji-shi-2.m3u8
[BD]金鹰纪实,https://t.freetv.fun/live/jin-ying-ji-shi-3.m3u8
[BD]金鹰纪实,https://t.freetv.fun/live/jin-ying-ji-shi-4.m3u8
[BD]金鹰纪实,https://t.freetv.fun/live/jin-ying-ji-shi-5.m3u8
[BD]金鹰纪实,https://t.freetv.fun/live/jin-ying-ji-shi-6.m3u8
[BD]金鹰纪实,https://t.freetv.fun/live/jin-ying-ji-shi-8.m3u8
[BD]金鹰纪实,https://t.freetv.fun/live/jin-ying-ji-shi-9.m3u8
[HD]cctv-11戏曲,https://t.freetv.fun/live/cctv-11xi-qu.m3u8
[BD]cctv-11戏曲,https://t.freetv.fun/live/cctv-11xi-qu-1.m3u8
[SD]cctv-11戏曲,https://t.freetv.fun/live/cctv-11xi-qu-2.m3u8
[SD]cctv-11戏曲,https://t.freetv.fun/live/cctv-11xi-qu-3.m3u8
[SD]cctv-11戏曲,https://t.freetv.fun/live/cctv-11xi-qu-4.m3u8
[SD]cctv-11戏曲,https://t.freetv.fun/live/cctv-11xi-qu-5.m3u8
[SD]cctv-11戏曲,https://t.freetv.fun/live/cctv-11xi-qu-6.m3u8
[BD]cctv-11戏曲,https://t.freetv.fun/live/cctv-11xi-qu-7.m3u8
[BD]cctv-11戏曲,https://t.freetv.fun/live/cctv-11xi-qu-8.m3u8
[BD]cctv-11戏曲,https://t.freetv.fun/live/cctv-11xi-qu-9.m3u8
[BD]cctv-11戏曲,https://t.freetv.fun/live/cctv-11xi-qu-10.php
[HD]cctv11戏曲,https://t.freetv.fun/live/cctv11xi-qu.m3u8
[BD]cctv11-戏曲,https://t.freetv.fun/live/cctv11-xi-qu.m3u8
[HD]cctv11戏曲,https://t.freetv.fun/live/cctv11xi-qu-2.m3u8
[VGA]cctv11-戏曲,https://t.freetv.fun/live/cctv11-xi-qu-1.m3u8
[VGA]cctv11-戏曲,https://t.freetv.fun/live/cctv11-xi-qu-3.m3u8
[HD]cctv6电影,https://t.freetv.fun/live/cctv6dian-ying.m3u8
[HD]cctv6电影,https://t.freetv.fun/live/cctv6dian-ying-2.m3u8
[BD]cctv6-电影,https://t.freetv.fun/live/cctv6-dian-ying-1.m3u8
[VGA]cctv6-电影,https://t.freetv.fun/live/cctv6-dian-ying-2.m3u8
[SD]cctv8-电视剧,https://t.freetv.fun/live/cctv8-dian-shi-ju-1.m3u8
[BD]cctv第一剧场,https://t.freetv.fun/live/cctvdi-yi-ju-chang-2.m3u8
[BD]cctv-第一剧场,https://t.freetv.fun/live/cctv-di-yi-ju-chang.m3u8
[BD]cctv-第一剧场,https://t.freetv.fun/live/cctv-di-yi-ju-chang-1.m3u8
[HD]cctv-第一剧场,https://t.freetv.fun/live/cctv-di-yi-ju-chang-2.m3u8
[VGA]cctv-第一剧场,https://t.freetv.fun/live/cctv-di-yi-ju-chang-3.m3u8
[BD]cctv-第一剧场,https://t.freetv.fun/live/cctv-di-yi-ju-chang-4.m3u8
[HD]cctv-第一剧场,https://t.freetv.fun/live/cctv-di-yi-ju-chang-5.m3u8
[HD]cctv-第一剧场,https://t.freetv.fun/live/cctv-di-yi-ju-chang-6.m3u8
[BD]chc动作电影,https://t.freetv.fun/live/chcdong-zuo-dian-ying.m3u8
[BD]chc动作电影,https://t.freetv.fun/live/chcdong-zuo-dian-ying-2.m3u8
[BD]chc动作电影,https://t.freetv.fun/live/chcdong-zuo-dian-ying-3.m3u8
[BD]chc动作电影,https://t.freetv.fun/live/chcdong-zuo-dian-ying-1.m3u8
[BD]chc动作电影,https://t.freetv.fun/live/chcdong-zuo-dian-ying-5.m3u8
[BD]chc家庭影院,https://t.freetv.fun/live/chcjia-ting-ying-yuan-1.m3u8
[BD]chc家庭影院,https://t.freetv.fun/live/chcjia-ting-ying-yuan-2.m3u8
[BD]chc家庭影院,https://t.freetv.fun/live/chcjia-ting-ying-yuan.m3u8
[BD]chc家庭影院,https://t.freetv.fun/live/chcjia-ting-ying-yuan-3.m3u8
[BD]chc影迷电影,https://t.freetv.fun/live/chcying-mi-dian-ying.m3u8
[HD]chc影迷电影,https://t.freetv.fun/live/chcying-mi-dian-ying-2.m3u8
[BD]chc影迷电影,https://t.freetv.fun/live/chcying-mi-dian-ying-6.m3u8
[BD]chc影迷电影,https://t.freetv.fun/live/chcying-mi-dian-ying-1.m3u8
[BD]chc影迷电影,https://t.freetv.fun/live/chcying-mi-dian-ying-3.m3u8
[BD]chc影迷电影,https://t.freetv.fun/live/chcying-mi-dian-ying-4.m3u8
[BD]chc影迷电影,https://t.freetv.fun/live/chcying-mi-dian-ying-5.m3u8
[HD]chc影迷电影,https://t.freetv.fun/live/chcying-mi-dian-ying-7.php
[BD]chc影迷电影,https://t.freetv.fun/live/chcying-mi-dian-ying-8.m3u8
[BD]上虞文化影院,https://t.freetv.fun/live/shang-yu-wen-hua-ying-yuan-2.m3u8zzhed
[VGA]哈尔滨影视,https://t.freetv.fun/live/ha-er-bin-ying-shi-1.m3u8
[VGA]哈尔滨影视,https://t.freetv.fun/live/ha-er-bin-ying-shi-4.m3u8
[BD]安徽影视,https://t.freetv.fun/live/an-hui-ying-shi-2.m3u8
[BD]广东影视,https://t.freetv.fun/live/yan-dong-ying-shi.m3u8
[VGA]广东影视,https://t.freetv.fun/live/yan-dong-ying-shi-2.m3u8
[BD]广东影视高清,https://t.freetv.fun/live/yan-dong-ying-shi-gao-qing.m3u8
[BD]广东影视高清,https://t.freetv.fun/live/yan-dong-ying-shi-gao-qing-1.m3u8
[BD]广东影视高清,https://t.freetv.fun/live/yan-dong-ying-shi-gao-qing-2.m3u8
[BD]广东影视高清,https://t.freetv.fun/live/yan-dong-ying-shi-gao-qing-3.m3u8
[BD]广东影视高清,https://t.freetv.fun/live/yan-dong-ying-shi-gao-qing-4.m3u8
[BD]广东影视高清,https://t.freetv.fun/live/yan-dong-ying-shi-gao-qing-5.m3u8
[BD]广东影视高清,https://t.freetv.fun/live/yan-dong-ying-shi-gao-qing-6.m3u8
[BD]广东影视高清,https://t.freetv.fun/live/yan-dong-ying-shi-gao-qing-7.m3u8
[BD]广东影视高清,https://t.freetv.fun/live/yan-dong-ying-shi-gao-qing-8.m3u8
[BD]广东影视高清,https://t.freetv.fun/live/yan-dong-ying-shi-gao-qing-9.m3u8
[BD]广东影视高清,https://t.freetv.fun/live/yan-dong-ying-shi-gao-qing-10.m3u8
[BD]广东影视高清,https://t.freetv.fun/live/yan-dong-ying-shi-gao-qing-11.m3u8
[BD]广东影视高清,https://t.freetv.fun/live/yan-dong-ying-shi-gao-qing-12.m3u8
[BD]广东影视高清,https://t.freetv.fun/live/yan-dong-ying-shi-gao-qing-13.m3u8
[BD]广东影视高清,https://t.freetv.fun/live/yan-dong-ying-shi-gao-qing-15.m3u8
[BD]广东影视高清,https://t.freetv.fun/live/yan-dong-ying-shi-gao-qing-29.m3u8
[BD]东方影视,https://t.freetv.fun/live/dong-fang-ying-shi-1.m3u8
[BD]东方影视,https://t.freetv.fun/live/dong-fang-ying-shi.m3u8
[BD]东方影视,https://t.freetv.fun/live/dong-fang-ying-shi-2.m3u8
[VGA]江苏影视,https://t.freetv.fun/live/jiang-su-ying-shi.m3u8
[BD]江苏影视,https://t.freetv.fun/live/jiang-su-ying-shi-1.m3u8
[VGA]湖南电影,https://t.freetv.fun/live/hu-nan-dian-ying.m3u8
[VGA]湖南电视剧,https://t.freetv.fun/live/hu-nan-dian-shi-ju.m3u8
[HD]绍兴文化影视,https://t.freetv.fun/live/shao-xing-wen-hua-ying-shi-1.m3u8
[HD]绍兴文化影院,https://t.freetv.fun/live/shao-xing-wen-hua-ying-yuan-2.m3u8
[HD]绍兴文化影视,https://t.freetv.fun/live/shao-xing-wen-hua-ying-shi-1.m3u8
[BD]老巴电影,https://t.freetv.fun/live/lao-ba-dian-ying.m3u8
[HD]苏州电影娱乐信息,https://t.freetv.fun/live/su-zhou-dian-ying-yu-le-xin-xi.m3u8
[VGA]苏州娱乐,https://t.freetv.fun/live/su-zhou-yu-le.m3u8
[BD]辽宁影视剧,https://t.freetv.fun/live/liao-zhu-ying-shi-ju.m3u8
[HD]云南影视,rtmp://hwzbout.yntv.net/62hdvf/utrat7
[HD]cctv15音乐,https://t.freetv.fun/live/cctv15yin-le.m3u8
[HD]cctv15音乐,https://t.freetv.fun/live/cctv15yin-le-2.m3u8
[SD]cctv15-音乐,https://t.freetv.fun/live/cctv15-yin-le-1.m3u8
[HD]cctv-15音乐,https://t.freetv.fun/live/cctv-15yin-le.m3u8
[SD]cctv-15音乐,https://t.freetv.fun/live/cctv-15yin-le-1.m3u8
[SD]cctv-15音乐,https://t.freetv.fun/live/cctv-15yin-le-2.m3u8
[BD]cctv-15音乐,https://t.freetv.fun/live/cctv-15yin-le-3.php
[BD]cctv-15音乐,https://t.freetv.fun/live/cctv-15yin-le-4.m3u8
[BD]cctv-15音乐,https://t.freetv.fun/live/cctv-15yin-le-5.m3u8
[SD]cctv-15音乐,https://t.freetv.fun/live/cctv-15yin-le-6.m3u8
[SD]cctv-15音乐,https://t.freetv.fun/live/cctv-15yin-le-7.m3u8
[HD]cctv-15音乐,https://t.freetv.fun/live/cctv-15yin-le-8.m3u8
[BD]cctv-15音乐,https://t.freetv.fun/live/cctv-15yin-le-9.m3u8
[BD]cctv-15音乐,https://t.freetv.fun/live/cctv-15yin-le-10.m3u8
[BD]cctv-15音乐,https://t.freetv.fun/live/cctv-15yin-le-11.m3u8
[BD]cctv-风云音乐,https://t.freetv.fun/live/cctv-feng-yun-yin-le.m3u8
[BD]cctv-风云音乐,https://t.freetv.fun/live/cctv-feng-yun-yin-le-1.m3u8
[HD]cctv-风云音乐,https://t.freetv.fun/live/cctv-feng-yun-yin-le-2.m3u8
[HD]cctv-风云音乐,https://t.freetv.fun/live/cctv-feng-yun-yin-le-3.m3u8
[BD]cctv-风云音乐,https://t.freetv.fun/live/cctv-feng-yun-yin-le-4.m3u8
[HD]cctv-风云音乐,https://t.freetv.fun/live/cctv-feng-yun-yin-le-5.m3u8
[HD]cctv13新闻,https://t.freetv.fun/live/cctv13xin-wen.m3u8
[HD]cctv13新闻,https://t.freetv.fun/live/cctv13xin-wen-2.m3u8
[BD]cctv-13新闻,https://t.freetv.fun/live/cctv-13xin-wen.m3u8
[SD]cctv-13新闻,https://t.freetv.fun/live/cctv-13xin-wen-1.m3u8
[SD]cctv-13新闻,https://t.freetv.fun/live/cctv-13xin-wen-2.m3u8
[SD]cctv-13新闻,https://t.freetv.fun/live/cctv-13xin-wen-3.m3u8
[SD]cctv-13新闻,https://t.freetv.fun/live/cctv-13xin-wen-4.m3u8
[BD]cctv-13新闻,https://t.freetv.fun/live/cctv-13xin-wen-5.m3u8
[SD]cctv-13新闻,https://t.freetv.fun/live/cctv-13xin-wen-6.m3u8
[BD]cctv-13新闻,https://t.freetv.fun/live/cctv-13xin-wen-7.m3u8
[BD]cctv-13新闻,https://t.freetv.fun/live/cctv-13xin-wen-8.m3u8
[HD]cctv-13新闻,https://t.freetv.fun/live/cctv-13xin-wen-9.m3u8
[BD]cctv-13新闻,https://t.freetv.fun/live/cctv-13xin-wen-10.m3u8
[BD]cctv-13新闻,https://t.freetv.fun/live/cctv-13xin-wen-11.php
[HD]cctv-13新闻,https://t.freetv.fun/live/cctv-13xin-wen-12.m3u8
[BD]cctv22,https://t.freetv.fun/live/cctv22.m3u8
[HD]cctv2财经,https://t.freetv.fun/live/cctv2cai-jing.m3u8
[BD]cctv2-财经,https://t.freetv.fun/live/cctv2-cai-jing.m3u8
[HD]cctv2财经,https://t.freetv.fun/live/cctv2cai-jing-2.m3u8
[VGA]cctv2-财经,https://t.freetv.fun/live/cctv2-cai-jing-1.m3u8
[VGA]cctv2-财经,https://t.freetv.fun/live/cctv2-cai-jing-4.m3u8
