分类: 📺央卫频道, 名称: CCTV-2, 有效: 0, IPv4: 1, IPv6: 0, 最小延迟: -1 ms, 最高速率: 0.00 M/s, 平均速率: 0.00 M/s, 最高分辨率: None
分类: 📺央卫频道, 名称: CCTV-1, 有效: 0, IPv4: 13, IPv6: 0, 最小延迟: 1005 ms, 最高速率: 1.44 M/s, 平均速率: 0.00 M/s, 最高分辨率: 1920x1080
分类: 📺央卫频道, 名称: CCTV-3, 有效: 1, IPv4: 13, IPv6: 0, 最小延迟: 656 ms, 最高速率: 7.44 M/s, 平均速率: 7.44 M/s, 最高分辨率: 1920x1080
分类: 📺央卫频道, 名称: CCTV-4, 有效: 0, IPv4: 12, IPv6: 0, 最小延迟: 419 ms, 最高速率: 3.35 M/s, 平均速率: 0.00 M/s, 最高分辨率: 1920x1080
分类: 📺央卫频道, 名称: CCTV-5, 有效: 0, IPv4: 15, IPv6: 0, 最小延迟: 1030 ms, 最高速率: 0.32 M/s, 平均速率: 0.00 M/s, 最高分辨率: 1920x1080
分类: 📺央卫频道, 名称: CCTV-5+, 有效: 0, IPv4: 8, IPv6: 0, 最小延迟: 10180 ms, 最高速率: 0.22 M/s, 平均速率: 0.00 M/s, 最高分辨率: 1920x1080
分类: 📺央卫频道, 名称: CCTV-6, 有效: 0, IPv4: 13, IPv6: 0, 最小延迟: 333 ms, 最高速率: 2.23 M/s, 平均速率: 0.00 M/s, 最高分辨率: 1920x1080
分类: 📺央卫频道, 名称: CCTV-7, 有效: 0, IPv4: 13, IPv6: 0, 最小延迟: 1036 ms, 最高速率: 0.91 M/s, 平均速率: 0.00 M/s, 最高分辨率: 1920x1080
分类: 📺央卫频道, 名称: CCTV-8, 有效: 1, IPv4: 15, IPv6: 0, 最小延迟: 657 ms, 最高速率: 6.89 M/s, 平均速率: 6.89 M/s, 最高分辨率: 1920x1080
分类: 📺央卫频道, 名称: CCTV-9, 有效: 0, IPv4: 11, IPv6: 0, 最小延迟: 387 ms, 最高速率: 3.20 M/s, 平均速率: 0.00 M/s, 最高分辨率: 1920x1080
分类: 📺央卫频道, 名称: CCTV-10, 有效: 0, IPv4: 13, IPv6: 0, 最小延迟: 461 ms, 最高速率: 5.31 M/s, 平均速率: 0.00 M/s, 最高分辨率: 1920x1080
分类: 📺央卫频道, 名称: CCTV-11, 有效: 0, IPv4: 13, IPv6: 0, 最小延迟: 423 ms, 最高速率: 3.97 M/s, 平均速率: 0.00 M/s, 最高分辨率: 1920x1080
分类: 📺央卫频道, 名称: CCTV-12, 有效: 0, IPv4: 13, IPv6: 0, 最小延迟: 478 ms, 最高速率: 4.17 M/s, 平均速率: 0.00 M/s, 最高分辨率: 1920x1080
分类: 📺央卫频道, 名称: CCTV-13, 有效: 0, IPv4: 13, IPv6: 0, 最小延迟: 393 ms, 最高速率: 3.08 M/s, 平均速率: 0.00 M/s, 最高分辨率: 1920x1080
分类: 📺央卫频道, 名称: CCTV-14, 有效: 0, IPv4: 13, IPv6: 0, 最小延迟: 379 ms, 最高速率: 3.71 M/s, 平均速率: 0.00 M/s, 最高分辨率: 1920x1080
分类: 📺央卫频道, 名称: CCTV-15, 有效: 0, IPv4: 13, IPv6: 0, 最小延迟: 493 ms, 最高速率: 5.78 M/s, 平均速率: 0.00 M/s, 最高分辨率: 1920x1080
分类: 📺央卫频道, 名称: CCTV-16, 有效: 0, IPv4: 10, IPv6: 0, 最小延迟: 1039 ms, 最高速率: 0.42 M/s, 平均速率: 0.00 M/s, 最高分辨率: 1920x1080
分类: 📺央卫频道, 名称: CCTV-17, 有效: 3, IPv4: 14, IPv6: 0, 最小延迟: 43 ms, 最高速率: 122.90 M/s, 平均速率: 66.60 M/s, 最高分辨率: 1920x1080
分类: 📺央卫频道, 名称: 广东卫视, 有效: 0, IPv4: 7, IPv6: 0, 最小延迟: 292 ms, 最高速率: 22.90 M/s, 平均速率: 0.00 M/s, 最高分辨率: 1920x1080
分类: 📺央卫频道, 名称: 浙江卫视, 有效: 1, IPv4: 10, IPv6: 0, 最小延迟: 485 ms, 最高速率: 0.56 M/s, 平均速率: 0.56 M/s, 最高分辨率: 1920x1080
分类: 📺央卫频道, 名称: 湖南卫视, 有效: 2, IPv4: 11, IPv6: 0, 最小延迟: 53 ms, 最高速率: 21.21 M/s, 平均速率: 11.14 M/s, 最高分辨率: 3840x2160
分类: 📺央卫频道, 名称: 北京卫视, 有效: 0, IPv4: 8, IPv6: 0, 最小延迟: 487 ms, 最高速率: 0.41 M/s, 平均速率: 0.00 M/s, 最高分辨率: 1920x1080
分类: 📺央卫频道, 名称: 湖北卫视, 有效: 0, IPv4: 6, IPv6: 0, 最小延迟: 477 ms, 最高速率: 0.25 M/s, 平均速率: 0.00 M/s, 最高分辨率: 1920x1080
分类: 📺央卫频道, 名称: 黑龙江卫视, 有效: 1, IPv4: 7, IPv6: 0, 最小延迟: 477 ms, 最高速率: 0.52 M/s, 平均速率: 0.52 M/s, 最高分辨率: 1920x1080
分类: 📺央卫频道, 名称: 安徽卫视, 有效: 0, IPv4: 8, IPv6: 0, 最小延迟: 519 ms, 最高速率: 0.42 M/s, 平均速率: 0.00 M/s, 最高分辨率: 1920x1080
分类: 📺央卫频道, 名称: 重庆卫视, 有效: 0, IPv4: 7, IPv6: 0, 最小延迟: 487 ms, 最高速率: 0.38 M/s, 平均速率: 0.00 M/s, 最高分辨率: 1920x1080
分类: 📺央卫频道, 名称: 东方卫视, 有效: 1, IPv4: 9, IPv6: 0, 最小延迟: 472 ms, 最高速率: 0.54 M/s, 平均速率: 0.54 M/s, 最高分辨率: 1920x1080
分类: 📺央卫频道, 名称: 东南卫视, 有效: 0, IPv4: 6, IPv6: 0, 最小延迟: 469 ms, 最高速率: 0.36 M/s, 平均速率: 0.00 M/s, 最高分辨率: 1920x1080
分类: 📺央卫频道, 名称: 甘肃卫视, 有效: 0, IPv4: 7, IPv6: 0, 最小延迟: 478 ms, 最高速率: 0.38 M/s, 平均速率: 0.00 M/s, 最高分辨率: 1920x1080
分类: 📺央卫频道, 名称: 广西卫视, 有效: 0, IPv4: 6, IPv6: 0, 最小延迟: 480 ms, 最高速率: 0.47 M/s, 平均速率: 0.00 M/s, 最高分辨率: 1920x1080
分类: 📺央卫频道, 名称: 贵州卫视, 有效: 1, IPv4: 7, IPv6: 0, 最小延迟: 51 ms, 最高速率: 97.42 M/s, 平均速率: 97.42 M/s, 最高分辨率: 1920x1080
分类: 📺央卫频道, 名称: 海南卫视, 有效: 0, IPv4: 5, IPv6: 0, 最小延迟: 485 ms, 最高速率: 0.50 M/s, 平均速率: 0.00 M/s, 最高分辨率: 1920x1080
分类: 📺央卫频道, 名称: 河北卫视, 有效: 0, IPv4: 6, IPv6: 0, 最小延迟: 476 ms, 最高速率: 0.22 M/s, 平均速率: 0.00 M/s, 最高分辨率: 1920x1080
分类: 📺央卫频道, 名称: 河南卫视, 有效: 0, IPv4: 8, IPv6: 0, 最小延迟: 478 ms, 最高速率: 0.50 M/s, 平均速率: 0.00 M/s, 最高分辨率: 1920x1080
分类: 📺央卫频道, 名称: 江苏卫视, 有效: 0, IPv4: 6, IPv6: 0, 最小延迟: 487 ms, 最高速率: 0.41 M/s, 平均速率: 0.00 M/s, 最高分辨率: 1920x1080
分类: 📺央卫频道, 名称: 吉林卫视, 有效: 1, IPv4: 6, IPv6: 0, 最小延迟: 476 ms, 最高速率: 0.57 M/s, 平均速率: 0.57 M/s, 最高分辨率: 1920x1080
分类: 📺央卫频道, 名称: 江西卫视, 有效: 2, IPv4: 9, IPv6: 0, 最小延迟: 49 ms, 最高速率: 109.99 M/s, 平均速率: 55.29 M/s, 最高分辨率: 1920x1080
分类: 📺央卫频道, 名称: 辽宁卫视, 有效: 0, IPv4: 7, IPv6: 0, 最小延迟: 486 ms, 最高速率: 0.47 M/s, 平均速率: 0.00 M/s, 最高分辨率: 1920x1080
分类: 📺央卫频道, 名称: 内蒙古卫视, 有效: 4, IPv4: 7, IPv6: 0, 最小延迟: 54 ms, 最高速率: 103.21 M/s, 平均速率: 47.79 M/s, 最高分辨率: 1920x1080
分类: 📺央卫频道, 名称: 宁夏卫视, 有效: 4, IPv4: 6, IPv6: 0, 最小延迟: 41 ms, 最高速率: 118.98 M/s, 平均速率: 60.69 M/s, 最高分辨率: 1920x1080
分类: 📺央卫频道, 名称: 青海卫视, 有效: 0, IPv4: 4, IPv6: 0, 最小延迟: 483 ms, 最高速率: 0.48 M/s, 平均速率: 0.00 M/s, 最高分辨率: 1920x1080
分类: 📺央卫频道, 名称: 山东卫视, 有效: 0, IPv4: 7, IPv6: 0, 最小延迟: 477 ms, 最高速率: 0.42 M/s, 平均速率: 0.00 M/s, 最高分辨率: 1920x1080
分类: 📺央卫频道, 名称: 山西卫视, 有效: 2, IPv4: 7, IPv6: 0, 最小延迟: 45 ms, 最高速率: 119.98 M/s, 平均速率: 111.13 M/s, 最高分辨率: 1920x1080
分类: 📺央卫频道, 名称: 陕西卫视, 有效: 1, IPv4: 5, IPv6: 0, 最小延迟: 51 ms, 最高速率: 107.04 M/s, 平均速率: 107.04 M/s, 最高分辨率: 1920x1080
分类: 📺央卫频道, 名称: 四川卫视, 有效: 2, IPv4: 11, IPv6: 0, 最小延迟: 47 ms, 最高速率: 105.40 M/s, 平均速率: 87.71 M/s, 最高分辨率: 3840x2160
分类: 📺央卫频道, 名称: 深圳卫视, 有效: 1, IPv4: 7, IPv6: 0, 最小延迟: 474 ms, 最高速率: 0.94 M/s, 平均速率: 0.94 M/s, 最高分辨率: 1920x1080
分类: 📺央卫频道, 名称: 三沙卫视, 有效: 0, IPv4: 2, IPv6: 0, 最小延迟: 486 ms, 最高速率: 0.46 M/s, 平均速率: 0.00 M/s, 最高分辨率: 720x576
分类: 📺央卫频道, 名称: 天津卫视, 有效: 0, IPv4: 5, IPv6: 0, 最小延迟: 507 ms, 最高速率: 0.37 M/s, 平均速率: 0.00 M/s, 最高分辨率: 1920x1080
分类: 📺央卫频道, 名称: 西藏卫视, 有效: 2, IPv4: 5, IPv6: 0, 最小延迟: 41 ms, 最高速率: 126.24 M/s, 平均速率: 63.44 M/s, 最高分辨率: 1920x1080
分类: 📺央卫频道, 名称: 新疆卫视, 有效: 1, IPv4: 4, IPv6: 0, 最小延迟: 54 ms, 最高速率: 83.61 M/s, 平均速率: 83.61 M/s, 最高分辨率: 1920x1080
分类: 📺央卫频道, 名称: 云南卫视, 有效: 1, IPv4: 6, IPv6: 0, 最小延迟: 471 ms, 最高速率: 0.50 M/s, 平均速率: 0.50 M/s, 最高分辨率: 1920x1080
